Archive member included because of file (symbol)

C:\CSR_uEnergy_SDK-2.3.0.31\tools\lib\CSR101x_A05\libgatt_lib_ram.a(patch_ls_app_if.o)
                              depend_Release_CSR101x_A05\hr_sensor.o (LsRadioEventNotification)
C:\CSR_uEnergy_SDK-2.3.0.31\tools\lib\CSR101x_A05\libgatt_lib_ram.a(ls_app_if_ram.o)
                              depend_Release_CSR101x_A05\hr_sensor_gatt.o (LsReadTransmitPowerLevel)
C:\CSR_uEnergy_SDK-2.3.0.31\tools\lib\CSR101x_A05\libgatt_lib_ram.a(patch_ls_advertising_if.o)
                              C:\CSR_uEnergy_SDK-2.3.0.31\tools\lib\CSR101x_A05\libgatt_lib_ram.a(patch_ls_app_if.o) (___libgatt_lib_db_4563)
C:\CSR_uEnergy_SDK-2.3.0.31\tools\lib\CSR101x_A05\libgatt_lib_ram.a(gatt_ram.o)
                              depend_Release_CSR101x_A05\hr_sensor.o (GattInit)
C:\CSR_uEnergy_SDK-2.3.0.31\tools\lib\CSR101x_A05\libgatt_lib_ram.a(patch_gatt.o)
                              depend_Release_CSR101x_A05\hr_sensor_gatt.o (GattCancelConnectReq)
C:\CSR_uEnergy_SDK-2.3.0.31\tools\lib\CSR101x_A05\libgatt_lib_ram.a(sm_ram.o)
                              C:\CSR_uEnergy_SDK-2.3.0.31\tools\lib\CSR101x_A05\libgatt_lib_ram.a(gatt_ram.o) (___libgatt_lib_db_476)
C:\CSR_uEnergy_SDK-2.3.0.31\tools\lib\CSR101x_A05\libgatt_lib_ram.a(sm_div.o)
                              depend_Release_CSR101x_A05\hr_sensor.o (SMDivApproval)
C:\CSR_uEnergy_SDK-2.3.0.31\tools\lib\CSR101x_A05\libgatt_lib_ram.a(patch_sm.o)
                              C:\CSR_uEnergy_SDK-2.3.0.31\tools\lib\CSR101x_A05\libgatt_lib_ram.a(sm_ram.o) (sm_pairing_auth_ind)
C:\CSR_uEnergy_SDK-2.3.0.31\tools\lib\CSR101x_A05\libgatt_lib_ram.a(debug.o)
                              depend_Release_CSR101x_A05\hr_sensor.o (DebugWriteString)
C:\CSR_uEnergy_SDK-2.3.0.31\tools\lib\CSR101x_A05\libgatt_lib_ram.a(patch_george.o)
                              C:\CSR_uEnergy_SDK-2.3.0.31\tools\lib\CSR101x_A05\libgatt_lib_ram.a(patch_ls_app_if.o) (___libgatt_lib_db_4596)
C:\CSR_uEnergy_SDK-2.3.0.31\tools\lib\CSR101x_A05\libgatt_lib_ram.a(patch_george_ll.o)
                              C:\CSR_uEnergy_SDK-2.3.0.31\tools\lib\CSR101x_A05\libgatt_lib_ram.a(patch_george.o) (___libgatt_lib_db_4608)
C:\CSR_uEnergy_SDK-2.3.0.31\tools\lib\CSR101x_A05\libgatt_lib_ram.a(patch_dbase.o)
                              C:\CSR_uEnergy_SDK-2.3.0.31\tools\lib\CSR101x_A05\libgatt_lib_ram.a(patch_george.o) (___libgatt_lib_db_4619)
C:\CSR_uEnergy_SDK-2.3.0.31\tools\lib\CSR101x_A05\libgatt_lib_ram.a(hal_debugbus_state.o)
                              C:\CSR_uEnergy_SDK-2.3.0.31\tools\lib\CSR101x_A05\libgatt_lib_ram.a(patch_george_ll.o) (___libgatt_lib_db_4640)
C:\CSR_uEnergy_SDK-2.3.0.31\tools\lib\CSR101x_A05\libgatt_lib_ram.a(patch_halradiotrim.o)
                              C:\CSR_uEnergy_SDK-2.3.0.31\tools\lib\CSR101x_A05\libgatt_lib_ram.a(ls_app_if_ram.o) (___libgatt_lib_db_4645)
C:\CSR_uEnergy_SDK-2.3.0.31\tools\lib\CSR101x_A05\libgatt_lib_ram.a(patch_timer.o)
                              C:\CSR_uEnergy_SDK-2.3.0.31\tools\lib\CSR101x_A05\libgatt_lib_ram.a(patch_ls_app_if.o) (___libgatt_lib_db_4656)
C:\CSR_uEnergy_SDK-2.3.0.31\tools\lib\CSR101x_A05\libgatt_lib_ram.a(patch_sleeprequest.o)
                              depend_Release_CSR101x_A05\hr_sensor.o (SleepRequest)
C:\CSR_uEnergy_SDK-2.3.0.31\tools\lib\CSR101x_A05\libgatt_lib_ram.a(main_ram.o)
                              (main_ram_app_init)
C:\CSR_uEnergy_SDK-2.3.0.31\tools\lib\CSR101x_A05\libgatt_lib_ram.a(hw_patch_install.o)
                              C:\CSR_uEnergy_SDK-2.3.0.31\tools\lib\CSR101x_A05\libgatt_lib_ram.a(main_ram.o) (___libgatt_lib_db_4364)
C:\CSR_uEnergy_SDK-2.3.0.31\tools\lib\CSR101x_A05\libgatt_lib_ram.a(patch_baldrick.o)
                              (hw_patch)
C:\CSR_uEnergy_SDK-2.3.0.31\tools\lib\CSR101x_A05\libgatt_lib_ram.a(patch_i2c_app_mem_mgr.o)
                              depend_Release_CSR101x_A05\hr_sensor.o (NvmConfigureI2cEeprom)
C:\CSR_uEnergy_SDK-2.3.0.31\tools\lib\CSR101x_A05\libgatt_lib_ram.a(patch_robs_aio.o)
                              depend_Release_CSR101x_A05\pos_sensor_service.o (AioRead)
C:\CSR_uEnergy_SDK-2.3.0.31\tools\lib\CSR101x_A05\libgatt_lib_ram.a(robs_pio_ram.o)
                              depend_Release_CSR101x_A05\hr_sensor.o (PioSetMode)
C:\CSR_uEnergy_SDK-2.3.0.31\tools\lib\CSR101x_A05\libgatt_lib_ram.a(id_ram.o)
                              C:\CSR_uEnergy_SDK-2.3.0.31\tools\lib\CSR101x_A05\libgatt_lib_ram.a(patch_george_ll.o) (IdGetLlVerBtle)
C:\CSR_uEnergy_SDK-2.3.0.31\tools\lib\CSR101x_A05\libgatt_lib_ram.a(slut.o)
                              (slut)
C:\CSR_uEnergy_SDK-2.3.0.31\tools\lib\CSR101x_A05\libgatt_lib_ram.a(sw_patch_ram.o)
                              (patch_bitmap)
C:\CSR_uEnergy_SDK-2.3.0.31\tools\lib\CSR101x_A05\libgatt_lib_ram.a(CONFIG_STORE.o)
                              (___libgatt_lib_db_4269)
C:\CSR_uEnergy_SDK-2.3.0.31\tools\lib\CSR101x_A05\libgatt_lib_ram.a(.romradiodata.o)
                              (DATA_TIMERSTRUCT_START)
C:\CSR_uEnergy_SDK-2.3.0.31\tools\lib\CSR101x_A05\libgatt_lib_ram.a(patch_ls_l2cap_if.o)
                              C:\CSR_uEnergy_SDK-2.3.0.31\tools\lib\CSR101x_A05\libgatt_lib_ram.a(sw_patch_ram.o) (___libgatt_lib_db_4565)
C:\CSR_uEnergy_SDK-2.3.0.31\tools\lib\CSR101x_A05\libgatt_lib_ram.a(patch_att_install.o)
                              C:\CSR_uEnergy_SDK-2.3.0.31\tools\lib\CSR101x_A05\libgatt_lib_ram.a(sw_patch_ram.o) (___libgatt_lib_db_4567)
C:\CSR_uEnergy_SDK-2.3.0.31\tools\lib\CSR101x_A05\libgatt_lib_ram.a(patch_george_adv.o)
                              C:\CSR_uEnergy_SDK-2.3.0.31\tools\lib\CSR101x_A05\libgatt_lib_ram.a(sw_patch_ram.o) (___libgatt_lib_db_4615)
C:\CSR_uEnergy_SDK-2.3.0.31\tools\lib\CSR101x_A05\libgatt_lib_ram.a(patch_halradio.o)
                              C:\CSR_uEnergy_SDK-2.3.0.31\tools\lib\CSR101x_A05\libgatt_lib_ram.a(sw_patch_ram.o) (___libgatt_lib_db_4652)
C:\CSR_uEnergy_SDK-2.3.0.31\tools\lib\CSR101x_A05\libgatt_lib_ram.a(patch_reset.o)
                              C:\CSR_uEnergy_SDK-2.3.0.31\tools\lib\CSR101x_A05\libgatt_lib_ram.a(sw_patch_ram.o) (___libgatt_lib_db_4207)
C:\CSR_uEnergy_SDK-2.3.0.31\tools\lib\CSR101x_A05\libgatt_lib_ram.a(patch_pools.o)
                              C:\CSR_uEnergy_SDK-2.3.0.31\tools\lib\CSR101x_A05\libgatt_lib_ram.a(sw_patch_ram.o) (___libgatt_lib_db_4657)
C:\CSR_uEnergy_SDK-2.3.0.31\tools\lib\CSR101x_A05\libgatt_lib_ram.a(patch_background_loop.o)
                              C:\CSR_uEnergy_SDK-2.3.0.31\tools\lib\CSR101x_A05\libgatt_lib_ram.a(sw_patch_ram.o) (___libgatt_lib_db_4660)
C:\CSR_uEnergy_SDK-2.3.0.31\tools\lib\CSR101x_A05\libgatt_lib_ram.a(patch_fault.o)
                              C:\CSR_uEnergy_SDK-2.3.0.31\tools\lib\CSR101x_A05\libgatt_lib_ram.a(sw_patch_ram.o) (___libgatt_lib_db_4662)
C:\CSR_uEnergy_SDK-2.3.0.31\tools\lib\CSR101x_A05\libgatt_lib_ram.a(patch_pmu.o)
                              C:\CSR_uEnergy_SDK-2.3.0.31\tools\lib\CSR101x_A05\libgatt_lib_ram.a(sw_patch_ram.o) (___libgatt_lib_db_4670)
C:\CSR_uEnergy_SDK-2.3.0.31\tools\lib\CSR101x_A05\libgatt_lib_ram.a(patch_thermometer.o)
                              C:\CSR_uEnergy_SDK-2.3.0.31\tools\lib\CSR101x_A05\libgatt_lib_ram.a(sw_patch_ram.o) (___libgatt_lib_db_4214)

Allocating common symbols
Common symbol       size              file

sm_long_term_key_ind
                    0x1               C:\CSR_uEnergy_SDK-2.3.0.31\tools\lib\CSR101x_A05\libgatt_lib_ram.a(patch_sm.o)
sm_pairing_auth_ind
                    0x1               C:\CSR_uEnergy_SDK-2.3.0.31\tools\lib\CSR101x_A05\libgatt_lib_ram.a(patch_sm.o)
potRespSamplesLeft  0x14              depend_Release_CSR101x_A05\pos_sensor_service.o
g_app_hw_data       0x4               depend_Release_CSR101x_A05\hr_sensor_hw.o
enable_lowduty_directed_adv
                    0x1               C:\CSR_uEnergy_SDK-2.3.0.31\tools\lib\CSR101x_A05\libgatt_lib_ram.a(patch_george.o)
g_pos_sensor_data   0x11              depend_Release_CSR101x_A05\hr_sensor.o
potSamplesRight     0x14              depend_Release_CSR101x_A05\pos_sensor_service.o
g_hr_data           0x42              depend_Release_CSR101x_A05\hr_sensor.o
potSamplesLeft      0x14              depend_Release_CSR101x_A05\pos_sensor_service.o
george_earliest_transmit_offset
                    0x3               C:\CSR_uEnergy_SDK-2.3.0.31\tools\lib\CSR101x_A05\libgatt_lib_ram.a(patch_george_ll.o)

Discarded input sections

 .text          0x00000000        0x0 depend_Release_CSR101x_A05\app_gatt_db.o
 .data          0x00000000        0x0 depend_Release_CSR101x_A05\app_gatt_db.o
 .bss           0x00000000        0x0 depend_Release_CSR101x_A05\app_gatt_db.o
 .text          0x00000000        0x0 depend_Release_CSR101x_A05\battery_service.o
 .data          0x00000000        0x0 depend_Release_CSR101x_A05\battery_service.o
 .bss           0x00000000        0x0 depend_Release_CSR101x_A05\battery_service.o
 .text          0x00000000        0x0 depend_Release_CSR101x_A05\gap_service.o
 .data          0x00000000        0x0 depend_Release_CSR101x_A05\gap_service.o
 .bss           0x00000000        0x0 depend_Release_CSR101x_A05\gap_service.o
 .text          0x00000000        0x0 depend_Release_CSR101x_A05\heart_rate_service.o
 .data          0x00000000        0x0 depend_Release_CSR101x_A05\heart_rate_service.o
 .bss           0x00000000        0x0 depend_Release_CSR101x_A05\heart_rate_service.o
 .text          0x00000000        0x0 depend_Release_CSR101x_A05\hr_sensor.o
 .data          0x00000000        0x0 depend_Release_CSR101x_A05\hr_sensor.o
 .bss           0x00000000        0x0 depend_Release_CSR101x_A05\hr_sensor.o
 .text          0x00000000        0x0 depend_Release_CSR101x_A05\hr_sensor_gatt.o
 .data          0x00000000        0x0 depend_Release_CSR101x_A05\hr_sensor_gatt.o
 .bss           0x00000000        0x0 depend_Release_CSR101x_A05\hr_sensor_gatt.o
 .text          0x00000000        0x0 depend_Release_CSR101x_A05\hr_sensor_hw.o
 .data          0x00000000        0x0 depend_Release_CSR101x_A05\hr_sensor_hw.o
 .bss           0x00000000        0x0 depend_Release_CSR101x_A05\hr_sensor_hw.o
 .text          0x00000000        0x0 depend_Release_CSR101x_A05\nvm_access.o
 .data          0x00000000        0x0 depend_Release_CSR101x_A05\nvm_access.o
 .bss           0x00000000        0x0 depend_Release_CSR101x_A05\nvm_access.o
 .text          0x00000000        0x0 depend_Release_CSR101x_A05\dev_info_service.o
 .data          0x00000000        0x0 depend_Release_CSR101x_A05\dev_info_service.o
 .bss           0x00000000        0x0 depend_Release_CSR101x_A05\dev_info_service.o
 .text          0x00000000        0x0 depend_Release_CSR101x_A05\pos_sensor_service.o
 .data          0x00000000        0x0 depend_Release_CSR101x_A05\pos_sensor_service.o
 .bss           0x00000000        0x0 depend_Release_CSR101x_A05\pos_sensor_service.o
 .text.setup    0x00000000        0x0 depend_Release_CSR101x_A05\pos_sensor_service.o
 .text.Pos_SensorBondingNotify
                0x00000000        0x0 depend_Release_CSR101x_A05\pos_sensor_service.o
 .rodata.CHANGE_THRESHOLD
                0x00000000        0x0 depend_Release_CSR101x_A05\pos_sensor_service.o
 .text          0x00000000        0x0 C:\CSR_uEnergy_SDK-2.3.0.31\tools\lib\CSR101x_A05\libgatt_lib_ram.a(patch_ls_app_if.o)
 .data          0x00000000        0x0 C:\CSR_uEnergy_SDK-2.3.0.31\tools\lib\CSR101x_A05\libgatt_lib_ram.a(patch_ls_app_if.o)
 .bss           0x00000000        0x0 C:\CSR_uEnergy_SDK-2.3.0.31\tools\lib\CSR101x_A05\libgatt_lib_ram.a(patch_ls_app_if.o)
 .text.LsSetTgapConnParamTimeout
                0x00000000        0x0 C:\CSR_uEnergy_SDK-2.3.0.31\tools\lib\CSR101x_A05\libgatt_lib_ram.a(patch_ls_app_if.o)
 .text.LsRxTimingReport
                0x00000000        0x0 C:\CSR_uEnergy_SDK-2.3.0.31\tools\lib\CSR101x_A05\libgatt_lib_ram.a(patch_ls_app_if.o)
 .text.LsHoldTxUntilRx
                0x00000000        0x0 C:\CSR_uEnergy_SDK-2.3.0.31\tools\lib\CSR101x_A05\libgatt_lib_ram.a(patch_ls_app_if.o)
 .text          0x00000000        0x0 C:\CSR_uEnergy_SDK-2.3.0.31\tools\lib\CSR101x_A05\libgatt_lib_ram.a(ls_app_if_ram.o)
 .data          0x00000000        0x0 C:\CSR_uEnergy_SDK-2.3.0.31\tools\lib\CSR101x_A05\libgatt_lib_ram.a(ls_app_if_ram.o)
 .bss           0x00000000        0x0 C:\CSR_uEnergy_SDK-2.3.0.31\tools\lib\CSR101x_A05\libgatt_lib_ram.a(ls_app_if_ram.o)
 .text.LsDisableSlaveLatency
                0x00000000        0x0 C:\CSR_uEnergy_SDK-2.3.0.31\tools\lib\CSR101x_A05\libgatt_lib_ram.a(ls_app_if_ram.o)
 .text.LsSetTransmitPowerLevel
                0x00000000        0x0 C:\CSR_uEnergy_SDK-2.3.0.31\tools\lib\CSR101x_A05\libgatt_lib_ram.a(ls_app_if_ram.o)
 .text          0x00000000        0x0 C:\CSR_uEnergy_SDK-2.3.0.31\tools\lib\CSR101x_A05\libgatt_lib_ram.a(patch_ls_advertising_if.o)
 .data          0x00000000        0x0 C:\CSR_uEnergy_SDK-2.3.0.31\tools\lib\CSR101x_A05\libgatt_lib_ram.a(patch_ls_advertising_if.o)
 .bss           0x00000000        0x0 C:\CSR_uEnergy_SDK-2.3.0.31\tools\lib\CSR101x_A05\libgatt_lib_ram.a(patch_ls_advertising_if.o)
 .text.LsStartStopAdvertise
                0x00000000        0x0 C:\CSR_uEnergy_SDK-2.3.0.31\tools\lib\CSR101x_A05\libgatt_lib_ram.a(patch_ls_advertising_if.o)
 .text          0x00000000        0x0 C:\CSR_uEnergy_SDK-2.3.0.31\tools\lib\CSR101x_A05\libgatt_lib_ram.a(gatt_ram.o)
 .data          0x00000000        0x0 C:\CSR_uEnergy_SDK-2.3.0.31\tools\lib\CSR101x_A05\libgatt_lib_ram.a(gatt_ram.o)
 .bss           0x00000000        0x0 C:\CSR_uEnergy_SDK-2.3.0.31\tools\lib\CSR101x_A05\libgatt_lib_ram.a(gatt_ram.o)
 .text          0x00000000        0x0 C:\CSR_uEnergy_SDK-2.3.0.31\tools\lib\CSR101x_A05\libgatt_lib_ram.a(patch_gatt.o)
 .data          0x00000000        0x0 C:\CSR_uEnergy_SDK-2.3.0.31\tools\lib\CSR101x_A05\libgatt_lib_ram.a(patch_gatt.o)
 .bss           0x00000000        0x0 C:\CSR_uEnergy_SDK-2.3.0.31\tools\lib\CSR101x_A05\libgatt_lib_ram.a(patch_gatt.o)
 .data          0x00000000        0x0 C:\CSR_uEnergy_SDK-2.3.0.31\tools\lib\CSR101x_A05\libgatt_lib_ram.a(sm_ram.o)
 .bss           0x00000000        0x0 C:\CSR_uEnergy_SDK-2.3.0.31\tools\lib\CSR101x_A05\libgatt_lib_ram.a(sm_ram.o)
 .data          0x00000000        0x0 C:\CSR_uEnergy_SDK-2.3.0.31\tools\lib\CSR101x_A05\libgatt_lib_ram.a(sm_div.o)
 .bss           0x00000000        0x0 C:\CSR_uEnergy_SDK-2.3.0.31\tools\lib\CSR101x_A05\libgatt_lib_ram.a(sm_div.o)
 .data          0x00000000        0x0 C:\CSR_uEnergy_SDK-2.3.0.31\tools\lib\CSR101x_A05\libgatt_lib_ram.a(patch_sm.o)
 .text          0x00000000        0x0 C:\CSR_uEnergy_SDK-2.3.0.31\tools\lib\CSR101x_A05\libgatt_lib_ram.a(debug.o)
 .data          0x00000000        0x0 C:\CSR_uEnergy_SDK-2.3.0.31\tools\lib\CSR101x_A05\libgatt_lib_ram.a(debug.o)
 .bss           0x00000000        0x0 C:\CSR_uEnergy_SDK-2.3.0.31\tools\lib\CSR101x_A05\libgatt_lib_ram.a(debug.o)
 .text.write_uint_n
                0x00000000        0x0 C:\CSR_uEnergy_SDK-2.3.0.31\tools\lib\CSR101x_A05\libgatt_lib_ram.a(debug.o)
 .text.DebugWriteTime48
                0x00000000        0x0 C:\CSR_uEnergy_SDK-2.3.0.31\tools\lib\CSR101x_A05\libgatt_lib_ram.a(debug.o)
 .text.DebugWriteUint32
                0x00000000        0x0 C:\CSR_uEnergy_SDK-2.3.0.31\tools\lib\CSR101x_A05\libgatt_lib_ram.a(debug.o)
 .text.DebugWriteUint16
                0x00000000        0x0 C:\CSR_uEnergy_SDK-2.3.0.31\tools\lib\CSR101x_A05\libgatt_lib_ram.a(debug.o)
 .text.DebugWriteUint8
                0x00000000        0x0 C:\CSR_uEnergy_SDK-2.3.0.31\tools\lib\CSR101x_A05\libgatt_lib_ram.a(debug.o)
 .text.DebugWriteChar
                0x00000000        0x0 C:\CSR_uEnergy_SDK-2.3.0.31\tools\lib\CSR101x_A05\libgatt_lib_ram.a(debug.o)
 .text          0x00000000        0x0 C:\CSR_uEnergy_SDK-2.3.0.31\tools\lib\CSR101x_A05\libgatt_lib_ram.a(patch_george.o)
 .data          0x00000000        0x0 C:\CSR_uEnergy_SDK-2.3.0.31\tools\lib\CSR101x_A05\libgatt_lib_ram.a(patch_george.o)
 .bss           0x00000000        0x0 C:\CSR_uEnergy_SDK-2.3.0.31\tools\lib\CSR101x_A05\libgatt_lib_ram.a(patch_george.o)
 .text.___libgatt_lib_db_4596
                0x00000000        0x0 C:\CSR_uEnergy_SDK-2.3.0.31\tools\lib\CSR101x_A05\libgatt_lib_ram.a(patch_george.o)
 .text.___libgatt_lib_db_4597
                0x00000000        0x0 C:\CSR_uEnergy_SDK-2.3.0.31\tools\lib\CSR101x_A05\libgatt_lib_ram.a(patch_george.o)
 .text.___libgatt_lib_db_4595
                0x00000000        0x0 C:\CSR_uEnergy_SDK-2.3.0.31\tools\lib\CSR101x_A05\libgatt_lib_ram.a(patch_george.o)
 .text          0x00000000        0x0 C:\CSR_uEnergy_SDK-2.3.0.31\tools\lib\CSR101x_A05\libgatt_lib_ram.a(patch_george_ll.o)
 .data          0x00000000        0x0 C:\CSR_uEnergy_SDK-2.3.0.31\tools\lib\CSR101x_A05\libgatt_lib_ram.a(patch_george_ll.o)
 .bss           0x00000000        0x0 C:\CSR_uEnergy_SDK-2.3.0.31\tools\lib\CSR101x_A05\libgatt_lib_ram.a(patch_george_ll.o)
 .text          0x00000000        0x0 C:\CSR_uEnergy_SDK-2.3.0.31\tools\lib\CSR101x_A05\libgatt_lib_ram.a(patch_dbase.o)
 .data          0x00000000        0x0 C:\CSR_uEnergy_SDK-2.3.0.31\tools\lib\CSR101x_A05\libgatt_lib_ram.a(patch_dbase.o)
 .bss           0x00000000        0x0 C:\CSR_uEnergy_SDK-2.3.0.31\tools\lib\CSR101x_A05\libgatt_lib_ram.a(patch_dbase.o)
 .text.dbase_safe_access_check_curr
                0x00000000        0x0 C:\CSR_uEnergy_SDK-2.3.0.31\tools\lib\CSR101x_A05\libgatt_lib_ram.a(patch_dbase.o)
 .text.___libgatt_lib_db_4627
                0x00000000        0x0 C:\CSR_uEnergy_SDK-2.3.0.31\tools\lib\CSR101x_A05\libgatt_lib_ram.a(patch_dbase.o)
 .text.___libgatt_lib_db_4623
                0x00000000        0x0 C:\CSR_uEnergy_SDK-2.3.0.31\tools\lib\CSR101x_A05\libgatt_lib_ram.a(patch_dbase.o)
 .text.___libgatt_lib_db_4628
                0x00000000        0x0 C:\CSR_uEnergy_SDK-2.3.0.31\tools\lib\CSR101x_A05\libgatt_lib_ram.a(patch_dbase.o)
 .text.___libgatt_lib_db_4624
                0x00000000        0x0 C:\CSR_uEnergy_SDK-2.3.0.31\tools\lib\CSR101x_A05\libgatt_lib_ram.a(patch_dbase.o)
 .text.___libgatt_lib_db_4626
                0x00000000        0x0 C:\CSR_uEnergy_SDK-2.3.0.31\tools\lib\CSR101x_A05\libgatt_lib_ram.a(patch_dbase.o)
 .text.___libgatt_lib_db_4622
                0x00000000        0x0 C:\CSR_uEnergy_SDK-2.3.0.31\tools\lib\CSR101x_A05\libgatt_lib_ram.a(patch_dbase.o)
 .text.___libgatt_lib_db_4625
                0x00000000        0x0 C:\CSR_uEnergy_SDK-2.3.0.31\tools\lib\CSR101x_A05\libgatt_lib_ram.a(patch_dbase.o)
 .text.___libgatt_lib_db_4621
                0x00000000        0x0 C:\CSR_uEnergy_SDK-2.3.0.31\tools\lib\CSR101x_A05\libgatt_lib_ram.a(patch_dbase.o)
 .text          0x00000000        0x0 C:\CSR_uEnergy_SDK-2.3.0.31\tools\lib\CSR101x_A05\libgatt_lib_ram.a(hal_debugbus_state.o)
 .data          0x00000000        0x0 C:\CSR_uEnergy_SDK-2.3.0.31\tools\lib\CSR101x_A05\libgatt_lib_ram.a(hal_debugbus_state.o)
 .bss           0x00000000        0x0 C:\CSR_uEnergy_SDK-2.3.0.31\tools\lib\CSR101x_A05\libgatt_lib_ram.a(hal_debugbus_state.o)
 .text          0x00000000        0x0 C:\CSR_uEnergy_SDK-2.3.0.31\tools\lib\CSR101x_A05\libgatt_lib_ram.a(patch_halradiotrim.o)
 .data          0x00000000        0x0 C:\CSR_uEnergy_SDK-2.3.0.31\tools\lib\CSR101x_A05\libgatt_lib_ram.a(patch_halradiotrim.o)
 .bss           0x00000000        0x0 C:\CSR_uEnergy_SDK-2.3.0.31\tools\lib\CSR101x_A05\libgatt_lib_ram.a(patch_halradiotrim.o)
 .text.___libgatt_lib_db_4016
                0x00000000        0x0 C:\CSR_uEnergy_SDK-2.3.0.31\tools\lib\CSR101x_A05\libgatt_lib_ram.a(patch_halradiotrim.o)
 .text.___libgatt_lib_db_4643
                0x00000000        0x0 C:\CSR_uEnergy_SDK-2.3.0.31\tools\lib\CSR101x_A05\libgatt_lib_ram.a(patch_halradiotrim.o)
 .text          0x00000000        0x0 C:\CSR_uEnergy_SDK-2.3.0.31\tools\lib\CSR101x_A05\libgatt_lib_ram.a(patch_timer.o)
 .data          0x00000000        0x0 C:\CSR_uEnergy_SDK-2.3.0.31\tools\lib\CSR101x_A05\libgatt_lib_ram.a(patch_timer.o)
 .bss           0x00000000        0x0 C:\CSR_uEnergy_SDK-2.3.0.31\tools\lib\CSR101x_A05\libgatt_lib_ram.a(patch_timer.o)
 .text          0x00000000        0x0 C:\CSR_uEnergy_SDK-2.3.0.31\tools\lib\CSR101x_A05\libgatt_lib_ram.a(patch_sleeprequest.o)
 .data          0x00000000        0x0 C:\CSR_uEnergy_SDK-2.3.0.31\tools\lib\CSR101x_A05\libgatt_lib_ram.a(patch_sleeprequest.o)
 .bss           0x00000000        0x0 C:\CSR_uEnergy_SDK-2.3.0.31\tools\lib\CSR101x_A05\libgatt_lib_ram.a(patch_sleeprequest.o)
 .text          0x00000000        0x0 C:\CSR_uEnergy_SDK-2.3.0.31\tools\lib\CSR101x_A05\libgatt_lib_ram.a(main_ram.o)
 .data          0x00000000        0x0 C:\CSR_uEnergy_SDK-2.3.0.31\tools\lib\CSR101x_A05\libgatt_lib_ram.a(main_ram.o)
 .bss           0x00000000        0x0 C:\CSR_uEnergy_SDK-2.3.0.31\tools\lib\CSR101x_A05\libgatt_lib_ram.a(main_ram.o)
 .text          0x00000000        0x0 C:\CSR_uEnergy_SDK-2.3.0.31\tools\lib\CSR101x_A05\libgatt_lib_ram.a(hw_patch_install.o)
 .data          0x00000000        0x0 C:\CSR_uEnergy_SDK-2.3.0.31\tools\lib\CSR101x_A05\libgatt_lib_ram.a(hw_patch_install.o)
 .bss           0x00000000        0x0 C:\CSR_uEnergy_SDK-2.3.0.31\tools\lib\CSR101x_A05\libgatt_lib_ram.a(hw_patch_install.o)
 .text          0x00000000        0x0 C:\CSR_uEnergy_SDK-2.3.0.31\tools\lib\CSR101x_A05\libgatt_lib_ram.a(patch_baldrick.o)
 .data          0x00000000        0x0 C:\CSR_uEnergy_SDK-2.3.0.31\tools\lib\CSR101x_A05\libgatt_lib_ram.a(patch_baldrick.o)
 .bss           0x00000000        0x0 C:\CSR_uEnergy_SDK-2.3.0.31\tools\lib\CSR101x_A05\libgatt_lib_ram.a(patch_baldrick.o)
 .text          0x00000000        0x0 C:\CSR_uEnergy_SDK-2.3.0.31\tools\lib\CSR101x_A05\libgatt_lib_ram.a(patch_i2c_app_mem_mgr.o)
 .data          0x00000000        0x0 C:\CSR_uEnergy_SDK-2.3.0.31\tools\lib\CSR101x_A05\libgatt_lib_ram.a(patch_i2c_app_mem_mgr.o)
 .bss           0x00000000        0x0 C:\CSR_uEnergy_SDK-2.3.0.31\tools\lib\CSR101x_A05\libgatt_lib_ram.a(patch_i2c_app_mem_mgr.o)
 .text          0x00000000        0x0 C:\CSR_uEnergy_SDK-2.3.0.31\tools\lib\CSR101x_A05\libgatt_lib_ram.a(patch_robs_aio.o)
 .data          0x00000000        0x0 C:\CSR_uEnergy_SDK-2.3.0.31\tools\lib\CSR101x_A05\libgatt_lib_ram.a(patch_robs_aio.o)
 .bss           0x00000000        0x0 C:\CSR_uEnergy_SDK-2.3.0.31\tools\lib\CSR101x_A05\libgatt_lib_ram.a(patch_robs_aio.o)
 .text.AioSetDig
                0x00000000        0x0 C:\CSR_uEnergy_SDK-2.3.0.31\tools\lib\CSR101x_A05\libgatt_lib_ram.a(patch_robs_aio.o)
 .text.AioDrive
                0x00000000        0x0 C:\CSR_uEnergy_SDK-2.3.0.31\tools\lib\CSR101x_A05\libgatt_lib_ram.a(patch_robs_aio.o)
 .text          0x00000000        0x0 C:\CSR_uEnergy_SDK-2.3.0.31\tools\lib\CSR101x_A05\libgatt_lib_ram.a(robs_pio_ram.o)
 .data          0x00000000        0x0 C:\CSR_uEnergy_SDK-2.3.0.31\tools\lib\CSR101x_A05\libgatt_lib_ram.a(robs_pio_ram.o)
 .bss           0x00000000        0x0 C:\CSR_uEnergy_SDK-2.3.0.31\tools\lib\CSR101x_A05\libgatt_lib_ram.a(robs_pio_ram.o)
 .text.PioEnableQuadratureDecoder
                0x00000000        0x0 C:\CSR_uEnergy_SDK-2.3.0.31\tools\lib\CSR101x_A05\libgatt_lib_ram.a(robs_pio_ram.o)
 .text.PioEnableQuadratureDecoders
                0x00000000        0x0 C:\CSR_uEnergy_SDK-2.3.0.31\tools\lib\CSR101x_A05\libgatt_lib_ram.a(robs_pio_ram.o)
 .text.PioReadQuadratureDecoder
                0x00000000        0x0 C:\CSR_uEnergy_SDK-2.3.0.31\tools\lib\CSR101x_A05\libgatt_lib_ram.a(robs_pio_ram.o)
 .text          0x00000000        0x0 C:\CSR_uEnergy_SDK-2.3.0.31\tools\lib\CSR101x_A05\libgatt_lib_ram.a(id_ram.o)
 .data          0x00000000        0x0 C:\CSR_uEnergy_SDK-2.3.0.31\tools\lib\CSR101x_A05\libgatt_lib_ram.a(id_ram.o)
 .bss           0x00000000        0x0 C:\CSR_uEnergy_SDK-2.3.0.31\tools\lib\CSR101x_A05\libgatt_lib_ram.a(id_ram.o)
 .text          0x00000000        0x0 C:\CSR_uEnergy_SDK-2.3.0.31\tools\lib\CSR101x_A05\libgatt_lib_ram.a(slut.o)
 .data          0x00000000        0x0 C:\CSR_uEnergy_SDK-2.3.0.31\tools\lib\CSR101x_A05\libgatt_lib_ram.a(slut.o)
 .bss           0x00000000        0x0 C:\CSR_uEnergy_SDK-2.3.0.31\tools\lib\CSR101x_A05\libgatt_lib_ram.a(slut.o)
 .text          0x00000000        0x0 C:\CSR_uEnergy_SDK-2.3.0.31\tools\lib\CSR101x_A05\libgatt_lib_ram.a(sw_patch_ram.o)
 .data          0x00000000        0x0 C:\CSR_uEnergy_SDK-2.3.0.31\tools\lib\CSR101x_A05\libgatt_lib_ram.a(sw_patch_ram.o)
 .bss           0x00000000        0x0 C:\CSR_uEnergy_SDK-2.3.0.31\tools\lib\CSR101x_A05\libgatt_lib_ram.a(sw_patch_ram.o)
 .text          0x00000000        0x0 C:\CSR_uEnergy_SDK-2.3.0.31\tools\lib\CSR101x_A05\libgatt_lib_ram.a(patch_ls_l2cap_if.o)
 .data          0x00000000        0x0 C:\CSR_uEnergy_SDK-2.3.0.31\tools\lib\CSR101x_A05\libgatt_lib_ram.a(patch_ls_l2cap_if.o)
 .bss           0x00000000        0x0 C:\CSR_uEnergy_SDK-2.3.0.31\tools\lib\CSR101x_A05\libgatt_lib_ram.a(patch_ls_l2cap_if.o)
 .text          0x00000000        0x0 C:\CSR_uEnergy_SDK-2.3.0.31\tools\lib\CSR101x_A05\libgatt_lib_ram.a(patch_att_install.o)
 .data          0x00000000        0x0 C:\CSR_uEnergy_SDK-2.3.0.31\tools\lib\CSR101x_A05\libgatt_lib_ram.a(patch_att_install.o)
 .bss           0x00000000        0x0 C:\CSR_uEnergy_SDK-2.3.0.31\tools\lib\CSR101x_A05\libgatt_lib_ram.a(patch_att_install.o)
 .text          0x00000000        0x0 C:\CSR_uEnergy_SDK-2.3.0.31\tools\lib\CSR101x_A05\libgatt_lib_ram.a(patch_george_adv.o)
 .data          0x00000000        0x0 C:\CSR_uEnergy_SDK-2.3.0.31\tools\lib\CSR101x_A05\libgatt_lib_ram.a(patch_george_adv.o)
 .bss           0x00000000        0x0 C:\CSR_uEnergy_SDK-2.3.0.31\tools\lib\CSR101x_A05\libgatt_lib_ram.a(patch_george_adv.o)
 .text          0x00000000        0x0 C:\CSR_uEnergy_SDK-2.3.0.31\tools\lib\CSR101x_A05\libgatt_lib_ram.a(patch_halradio.o)
 .data          0x00000000        0x0 C:\CSR_uEnergy_SDK-2.3.0.31\tools\lib\CSR101x_A05\libgatt_lib_ram.a(patch_halradio.o)
 .bss           0x00000000        0x0 C:\CSR_uEnergy_SDK-2.3.0.31\tools\lib\CSR101x_A05\libgatt_lib_ram.a(patch_halradio.o)
 .text          0x00000000        0x0 C:\CSR_uEnergy_SDK-2.3.0.31\tools\lib\CSR101x_A05\libgatt_lib_ram.a(patch_reset.o)
 .data          0x00000000        0x0 C:\CSR_uEnergy_SDK-2.3.0.31\tools\lib\CSR101x_A05\libgatt_lib_ram.a(patch_reset.o)
 .bss           0x00000000        0x0 C:\CSR_uEnergy_SDK-2.3.0.31\tools\lib\CSR101x_A05\libgatt_lib_ram.a(patch_reset.o)
 .text          0x00000000        0x0 C:\CSR_uEnergy_SDK-2.3.0.31\tools\lib\CSR101x_A05\libgatt_lib_ram.a(patch_pools.o)
 .data          0x00000000        0x0 C:\CSR_uEnergy_SDK-2.3.0.31\tools\lib\CSR101x_A05\libgatt_lib_ram.a(patch_pools.o)
 .bss           0x00000000        0x0 C:\CSR_uEnergy_SDK-2.3.0.31\tools\lib\CSR101x_A05\libgatt_lib_ram.a(patch_pools.o)
 .text          0x00000000        0x0 C:\CSR_uEnergy_SDK-2.3.0.31\tools\lib\CSR101x_A05\libgatt_lib_ram.a(patch_background_loop.o)
 .data          0x00000000        0x0 C:\CSR_uEnergy_SDK-2.3.0.31\tools\lib\CSR101x_A05\libgatt_lib_ram.a(patch_background_loop.o)
 .bss           0x00000000        0x0 C:\CSR_uEnergy_SDK-2.3.0.31\tools\lib\CSR101x_A05\libgatt_lib_ram.a(patch_background_loop.o)
 .text          0x00000000        0x0 C:\CSR_uEnergy_SDK-2.3.0.31\tools\lib\CSR101x_A05\libgatt_lib_ram.a(patch_fault.o)
 .data          0x00000000        0x0 C:\CSR_uEnergy_SDK-2.3.0.31\tools\lib\CSR101x_A05\libgatt_lib_ram.a(patch_fault.o)
 .bss           0x00000000        0x0 C:\CSR_uEnergy_SDK-2.3.0.31\tools\lib\CSR101x_A05\libgatt_lib_ram.a(patch_fault.o)
 .text.PanicReadFwFault
                0x00000000        0x0 C:\CSR_uEnergy_SDK-2.3.0.31\tools\lib\CSR101x_A05\libgatt_lib_ram.a(patch_fault.o)
 .text.PanicClearFwFault
                0x00000000        0x0 C:\CSR_uEnergy_SDK-2.3.0.31\tools\lib\CSR101x_A05\libgatt_lib_ram.a(patch_fault.o)
 .bss.__PATCH__ZERO_
                0x00000000        0x0 C:\CSR_uEnergy_SDK-2.3.0.31\tools\lib\CSR101x_A05\libgatt_lib_ram.a(patch_fault.o)
 .text          0x00000000        0x0 C:\CSR_uEnergy_SDK-2.3.0.31\tools\lib\CSR101x_A05\libgatt_lib_ram.a(patch_pmu.o)
 .data          0x00000000        0x0 C:\CSR_uEnergy_SDK-2.3.0.31\tools\lib\CSR101x_A05\libgatt_lib_ram.a(patch_pmu.o)
 .bss           0x00000000        0x0 C:\CSR_uEnergy_SDK-2.3.0.31\tools\lib\CSR101x_A05\libgatt_lib_ram.a(patch_pmu.o)
 .text          0x00000000        0x0 C:\CSR_uEnergy_SDK-2.3.0.31\tools\lib\CSR101x_A05\libgatt_lib_ram.a(patch_thermometer.o)
 .data          0x00000000        0x0 C:\CSR_uEnergy_SDK-2.3.0.31\tools\lib\CSR101x_A05\libgatt_lib_ram.a(patch_thermometer.o)
 .bss           0x00000000        0x0 C:\CSR_uEnergy_SDK-2.3.0.31\tools\lib\CSR101x_A05\libgatt_lib_ram.a(patch_thermometer.o)

Memory Configuration

Name             Origin             Length             Attributes
*default*        0x00000000         0xffffffff

Linker script and memory map

LOAD depend_Release_CSR101x_A05\app_gatt_db.o
LOAD depend_Release_CSR101x_A05\battery_service.o
LOAD depend_Release_CSR101x_A05\gap_service.o
LOAD depend_Release_CSR101x_A05\heart_rate_service.o
LOAD depend_Release_CSR101x_A05\hr_sensor.o
LOAD depend_Release_CSR101x_A05\hr_sensor_gatt.o
LOAD depend_Release_CSR101x_A05\hr_sensor_hw.o
LOAD depend_Release_CSR101x_A05\nvm_access.o
LOAD depend_Release_CSR101x_A05\dev_info_service.o
LOAD depend_Release_CSR101x_A05\pos_sensor_service.o
LOAD C:\CSR_uEnergy_SDK-2.3.0.31\tools\lib\CSR101x_A05\libgatt_lib_ram.a
LOAD C:\CSR_uEnergy_SDK-2.3.0.31\tools\lib\CSR101x_A05\rom_img.elf
                0x00000000                PROG_RAM_START = 0x0
                0x00008000                PROG_RAM_SIZE = 0x8000
                0x00008000                PROG_ROM_START = 0x8000
                0x00008000                PROG_ROM_SIZE = 0x8000
                0x00002000                DATA_RAM_START = 0x2000
                0x00008000                DATA_RAM_SIZE = 0x8000
                0x000001b0                RADIOBUFS_SIZE = 0x1b0
                0x00000020                WHITELIST_SIZE = 0x20
                0x00000164                RADIODATA_SIZE = 0x164
                0x00000200                USTACK_SIZE = 0x200
                0x00000100                ISTACK_SIZE = 0x100
                0x00009f84                DATA_CSTORE_START = 0x9f84
                0x00000058                CSTORE_SIZE = 0x58
                0x00000004                SLT_SIZE = 0x4
                0x00000020                PRESERVE_SIZE = 0x20
                0x0000a000                DATA_RAM_END = 0xa000
                0x0000a000                DATA_ROM_START = 0xa000
                0x00004000                DATA_ROM_SIZE = 0x4000
                0x0000ef80                DATA_PERSIST_START = 0xef80
                0x00000080                DATA_PERSIST_SIZE = 0x80
                0x00009360                DATA_ROMDATA_START = 0x9360
                0x00000000                PROG_APPCODE_START = 0x0
                0x00006c00                PROG_APPCODE_END = 0x6c00
                0x00008c40                DATA_APPDATA_START = 0x8c40
                0x00008f00                DATA_APPDATA_END = 0x8f00
                0x80000000                $CODE$ = 0x80000000
                0x00000000                $DATA$ = 0x0
                0x0000ffe0                PROVIDE ($XAP_AH, 0xffe0)
                0x0000ffe1                PROVIDE ($XAP_AL, 0xffe1)
                0x0000ffe2                PROVIDE ($XAP_UXH, 0xffe2)
                0x0000ffe3                PROVIDE ($XAP_UXL, 0xffe3)
                0x0000ffe4                PROVIDE ($XAP_UY, 0xffe4)
                0x0000ffe5                PROVIDE ($XAP_IXH, 0xffe5)
                0x0000ffe6                PROVIDE ($XAP_IXL, 0xffe6)
                0x0000ffe7                PROVIDE ($XAP_IY, 0xffe7)
                0x00000008                . = 0x8

.app_ram_init   0x00000008        0x1
 *(RAM_APP_INIT)
 RAM_APP_INIT   0x00000008        0x1 C:\CSR_uEnergy_SDK-2.3.0.31\tools\lib\CSR101x_A05\libgatt_lib_ram.a(main_ram.o)
                0x00000008                main_ram_app_init

.fw_patch_bitmap
                0x00000009        0x6
 *(FW_PATCH_BITMAP)
 FW_PATCH_BITMAP
                0x00000009        0x6 C:\CSR_uEnergy_SDK-2.3.0.31\tools\lib\CSR101x_A05\libgatt_lib_ram.a(sw_patch_ram.o)
                0x00000009                patch_bitmap

.fw_patch_table
                0x0000000f        0x1
 *(FW_PATCH_TABLE)
 FW_PATCH_TABLE
                0x0000000f        0x1 C:\CSR_uEnergy_SDK-2.3.0.31\tools\lib\CSR101x_A05\libgatt_lib_ram.a(sw_patch_ram.o)
                0x0000000f                patch_table
                0x00000010                PROG_APPCODE_START = .

.text           0x00000010     0x1d20 load address 0x80000010
 *xap2crt0.o(.text)
 *xap2crt0.o(.text.*)
                0x00000010                PROG_PATCH_ADDRESS = .
 *(.hw_patch)
 .hw_patch      0x00000010      0x158 C:\CSR_uEnergy_SDK-2.3.0.31\tools\lib\CSR101x_A05\libgatt_lib_ram.a(patch_baldrick.o)
                0x00000010                hw_patch
 *(.text)
 .text          0x00000168       0x3d C:\CSR_uEnergy_SDK-2.3.0.31\tools\lib\CSR101x_A05\libgatt_lib_ram.a(sm_ram.o)
                0x00000197                SMDistributeMasterLtk
                0x00000168                ___libgatt_lib_db_476
                0x00000179                SMFeaturesReq
 .text          0x000001a5       0x26 C:\CSR_uEnergy_SDK-2.3.0.31\tools\lib\CSR101x_A05\libgatt_lib_ram.a(sm_div.o)
                0x000001b9                ___libgatt_lib_db_487
                0x000001a5                SMDivApproval
 .text          0x000001cb      0x187 C:\CSR_uEnergy_SDK-2.3.0.31\tools\lib\CSR101x_A05\libgatt_lib_ram.a(patch_sm.o)
                0x000002af                ___libgatt_lib_db_4591
                0x00000200                ___libgatt_lib_db_4582
                0x000001cb                ___libgatt_lib_db_4579
                0x00000303                ___libgatt_lib_db_4581
                0x00000233                ___libgatt_lib_db_4583
                0x00000286                ___libgatt_lib_db_4580
                0x00000290                ___libgatt_lib_db_4578
 *(.text.*)
 .text.GattGetDatabase
                0x00000352        0x8 depend_Release_CSR101x_A05\app_gatt_db.o
                0x00000352                GattGetDatabase
 .text.BatteryInitChipReset
                0x0000035a        0x4 depend_Release_CSR101x_A05\battery_service.o
                0x0000035a                BatteryInitChipReset
 .text.BatteryCheckHandleRange
                0x0000035e        0x7 depend_Release_CSR101x_A05\battery_service.o
                0x0000035e                BatteryCheckHandleRange
 .text.BatteryDataInit
                0x00000365        0x8 depend_Release_CSR101x_A05\battery_service.o
                0x00000365                BatteryDataInit
 .text.BatteryBondingNotify
                0x0000036d        0xe depend_Release_CSR101x_A05\battery_service.o
                0x0000036d                BatteryBondingNotify
 .text.BatteryReadDataFromNVM
                0x0000037b       0x17 depend_Release_CSR101x_A05\battery_service.o
                0x0000037b                BatteryReadDataFromNVM
 .text.readBatteryLevel
                0x00000392       0x28 depend_Release_CSR101x_A05\battery_service.o
 .text.BatteryUpdateLevel
                0x000003ba       0x1e depend_Release_CSR101x_A05\battery_service.o
                0x000003ba                BatteryUpdateLevel
 .text.BatteryHandleAccessWrite
                0x000003d8       0x3f depend_Release_CSR101x_A05\battery_service.o
                0x000003d8                BatteryHandleAccessWrite
 .text.BatteryHandleAccessRead
                0x00000417       0x34 depend_Release_CSR101x_A05\battery_service.o
                0x00000417                BatteryHandleAccessRead
 .text.GapCheckHandleRange
                0x0000044b        0x7 depend_Release_CSR101x_A05\gap_service.o
                0x0000044b                GapCheckHandleRange
 .text.GapGetNameAndLength
                0x00000452        0xc depend_Release_CSR101x_A05\gap_service.o
                0x00000452                GapGetNameAndLength
 .text.GapDataInit
                0x0000045e        0xb depend_Release_CSR101x_A05\gap_service.o
                0x0000045e                GapDataInit
 .text.gapWriteDeviceNameToNvm
                0x00000469       0x16 depend_Release_CSR101x_A05\gap_service.o
 .text.GapInitWriteDataToNVM
                0x0000047f        0xc depend_Release_CSR101x_A05\gap_service.o
                0x0000047f                GapInitWriteDataToNVM
 .text.GapReadDataFromNVM
                0x0000048b       0x24 depend_Release_CSR101x_A05\gap_service.o
                0x0000048b                GapReadDataFromNVM
 .text.GapHandleAccessRead
                0x000004af       0x2d depend_Release_CSR101x_A05\gap_service.o
                0x000004af                GapHandleAccessRead
 .text.GapHandleAccessWrite
                0x000004dc       0x2f depend_Release_CSR101x_A05\gap_service.o
                0x000004dc                GapHandleAccessWrite
 .text.HRInitChipReset
                0x0000050b        0x7 depend_Release_CSR101x_A05\heart_rate_service.o
                0x0000050b                HRInitChipReset
 .text.IsHeartRateNotifyEnabled
                0x00000512        0x4 depend_Release_CSR101x_A05\heart_rate_service.o
                0x00000512                IsHeartRateNotifyEnabled
 .text.HeartRateIncEnergyExpended
                0x00000516       0x15 depend_Release_CSR101x_A05\heart_rate_service.o
                0x00000516                HeartRateIncEnergyExpended
 .text.HeartRateGetEnergyExpended
                0x0000052b        0x3 depend_Release_CSR101x_A05\heart_rate_service.o
                0x0000052b                HeartRateGetEnergyExpended
 .text.HeartRateCheckHandleRange
                0x0000052e        0x7 depend_Release_CSR101x_A05\heart_rate_service.o
                0x0000052e                HeartRateCheckHandleRange
 .text.HasExpendedEnergyBeenReset
                0x00000535        0x3 depend_Release_CSR101x_A05\heart_rate_service.o
                0x00000535                HasExpendedEnergyBeenReset
 .text.ClearTheEnergyExpendedResetFlag
                0x00000538        0x4 depend_Release_CSR101x_A05\heart_rate_service.o
                0x00000538                ClearTheEnergyExpendedResetFlag
 .text.HeartRateBondingNotify
                0x0000053c        0xe depend_Release_CSR101x_A05\heart_rate_service.o
                0x0000053c                HeartRateBondingNotify
 .text.HRDataInit
                0x0000054a       0x11 depend_Release_CSR101x_A05\heart_rate_service.o
                0x0000054a                HRDataInit
 .text.HeartRateHandleAccessWrite
                0x0000055b       0x45 depend_Release_CSR101x_A05\heart_rate_service.o
                0x0000055b                HeartRateHandleAccessWrite
 .text.HeartRateHandleAccessRead
                0x000005a0       0x25 depend_Release_CSR101x_A05\heart_rate_service.o
                0x000005a0                HeartRateHandleAccessRead
 .text.HeartRateSendMeasValue
                0x000005c5        0x9 depend_Release_CSR101x_A05\heart_rate_service.o
                0x000005c5                HeartRateSendMeasValue
 .text.HeartRateReadDataFromNVM
                0x000005ce       0x2d depend_Release_CSR101x_A05\heart_rate_service.o
                0x000005ce                HeartRateReadDataFromNVM
 .text.uartRxDataCallback
                0x000005fb        0x6 depend_Release_CSR101x_A05\hr_sensor.o
 .text.AppPowerOnReset
                0x00000601        0x1 depend_Release_CSR101x_A05\hr_sensor.o
                0x00000601                AppPowerOnReset
 .text.handleGapCppTimerExpiry
                0x00000602       0x1a depend_Release_CSR101x_A05\hr_sensor.o
 .text.sendHRMeasurement
                0x0000061c       0x63 depend_Release_CSR101x_A05\hr_sensor.o
 .text.StartSendingHRMeasurements
                0x0000067f        0xf depend_Release_CSR101x_A05\hr_sensor.o
                0x0000067f                StartSendingHRMeasurements
 .text.hrSensorDataInit
                0x0000068e       0x43 depend_Release_CSR101x_A05\hr_sensor.o
 .text.AppProcessSystemEvent
                0x000006d1       0x15 depend_Release_CSR101x_A05\hr_sensor.o
                0x000006d1                AppProcessSystemEvent
 .text.AppInit  0x000006e6       0xb3 depend_Release_CSR101x_A05\hr_sensor.o
                0x000006e6                AppInit
 .text.AppIsDeviceBonded
                0x00000799       0x19 depend_Release_CSR101x_A05\hr_sensor.o
                0x00000799                AppIsDeviceBonded
 .text.idleDormantTimerExpiryHandler
                0x000007b2        0xd depend_Release_CSR101x_A05\hr_sensor.o
 .text.ReportPanic
                0x000007bf        0x3 depend_Release_CSR101x_A05\hr_sensor.o
                0x000007bf                ReportPanic
 .text.requestConnParamUpdate
                0x000007c2       0x30 depend_Release_CSR101x_A05\hr_sensor.o
 .text.hrMeasTimerHandler
                0x000007f2       0x18 depend_Release_CSR101x_A05\hr_sensor.o
 .text.AppSetState
                0x0000080a       0x73 depend_Release_CSR101x_A05\hr_sensor.o
                0x0000080a                AppSetState
 .text.HandleShortButtonPress
                0x0000087d       0x19 depend_Release_CSR101x_A05\hr_sensor.o
                0x0000087d                HandleShortButtonPress
 .text.AppProcessLmEvent
                0x00000896      0x2c6 depend_Release_CSR101x_A05\hr_sensor.o
                0x00000896                AppProcessLmEvent
 .text.HandleExtraLongButtonPress
                0x00000b5c       0x38 depend_Release_CSR101x_A05\hr_sensor.o
                0x00000b5c                HandleExtraLongButtonPress
 .text.GetSupported16BitUUIDServiceList
                0x00000b94        0xe depend_Release_CSR101x_A05\hr_sensor_gatt.o
                0x00000b94                GetSupported16BitUUIDServiceList
 .text.GattIsAddressResolvableRandom
                0x00000ba2       0x11 depend_Release_CSR101x_A05\hr_sensor_gatt.o
                0x00000ba2                GattIsAddressResolvableRandom
 .text.GattStopAdverts
                0x00000bb3        0x2 depend_Release_CSR101x_A05\hr_sensor_gatt.o
                0x00000bb3                GattStopAdverts
 .text.gattAdvertTimerHandler
                0x00000bb5       0x3a depend_Release_CSR101x_A05\hr_sensor_gatt.o
 .text.gattSetAdvertParams
                0x00000bef       0xcf depend_Release_CSR101x_A05\hr_sensor_gatt.o
 .text.GattStartAdverts
                0x00000cbe       0x45 depend_Release_CSR101x_A05\hr_sensor_gatt.o
                0x00000cbe                GattStartAdverts
 .text.GattTriggerFastAdverts
                0x00000d03       0x1f depend_Release_CSR101x_A05\hr_sensor_gatt.o
                0x00000d03                GattTriggerFastAdverts
 .text.HandleAccessWrite
                0x00000d22       0x37 depend_Release_CSR101x_A05\hr_sensor_gatt.o
                0x00000d22                HandleAccessWrite
 .text.HandleAccessRead
                0x00000d59       0x41 depend_Release_CSR101x_A05\hr_sensor_gatt.o
                0x00000d59                HandleAccessRead
 .text.HrHwDataInit
                0x00000d9a        0xc depend_Release_CSR101x_A05\hr_sensor_hw.o
                0x00000d9a                HrHwDataInit
 .text.HandlePIOChangedEvent
                0x00000da6       0x2d depend_Release_CSR101x_A05\hr_sensor_hw.o
                0x00000da6                HandlePIOChangedEvent
 .text.SoundBuzzer
                0x00000dd3       0x47 depend_Release_CSR101x_A05\hr_sensor_hw.o
                0x00000dd3                SoundBuzzer
 .text.appBuzzerTimerHandler
                0x00000e1a       0x5e depend_Release_CSR101x_A05\hr_sensor_hw.o
 .text.HrInitHardware
                0x00000e78       0x43 depend_Release_CSR101x_A05\hr_sensor_hw.o
                0x00000e78                HrInitHardware
 .text.Nvm_Disable
                0x00000ebb        0x9 depend_Release_CSR101x_A05\nvm_access.o
                0x00000ebb                Nvm_Disable
 .text.Nvm_Write
                0x00000ec4        0xe depend_Release_CSR101x_A05\nvm_access.o
                0x00000ec4                Nvm_Write
 .text.Nvm_Read
                0x00000ed2        0xe depend_Release_CSR101x_A05\nvm_access.o
                0x00000ed2                Nvm_Read
 .text.DeviceInfoCheckHandleRange
                0x00000ee0        0x7 depend_Release_CSR101x_A05\dev_info_service.o
                0x00000ee0                DeviceInfoCheckHandleRange
 .text.DeviceInfoHandleAccessRead
                0x00000ee7        0xe depend_Release_CSR101x_A05\dev_info_service.o
                0x00000ee7                DeviceInfoHandleAccessRead
 .text.Pos_SensorInitChipReset
                0x00000ef5        0xa depend_Release_CSR101x_A05\pos_sensor_service.o
                0x00000ef5                Pos_SensorInitChipReset
 .text.IsPosSensorNotifyEnabled
                0x00000eff        0x4 depend_Release_CSR101x_A05\pos_sensor_service.o
                0x00000eff                IsPosSensorNotifyEnabled
 .text.Pos_SensorCheckHandleRange
                0x00000f03        0x6 depend_Release_CSR101x_A05\pos_sensor_service.o
                0x00000f03                Pos_SensorCheckHandleRange
 .text.Pos_SensorReadDataFromNVM
                0x00000f09       0x17 depend_Release_CSR101x_A05\pos_sensor_service.o
                0x00000f09                Pos_SensorReadDataFromNVM
 .text.loop     0x00000f20       0x9f depend_Release_CSR101x_A05\pos_sensor_service.o
                0x00000f20                loop
 .text.Pos_SensorUpdateLevelALWAYS
                0x00000fbf       0x78 depend_Release_CSR101x_A05\pos_sensor_service.o
                0x00000fbf                Pos_SensorUpdateLevelALWAYS
 .text.Pos_SensorUpdateLevel
                0x00001037       0x80 depend_Release_CSR101x_A05\pos_sensor_service.o
                0x00001037                Pos_SensorUpdateLevel
 .text.Pos_SensorHandleAccessWrite
                0x000010b7       0x46 depend_Release_CSR101x_A05\pos_sensor_service.o
                0x000010b7                Pos_SensorHandleAccessWrite
 .text.Pos_SensorHandleAccessRead
                0x000010fd       0x5a depend_Release_CSR101x_A05\pos_sensor_service.o
                0x000010fd                Pos_SensorHandleAccessRead
 .text.Pos_SensorDataInit
                0x00001157       0x1b depend_Release_CSR101x_A05\pos_sensor_service.o
                0x00001157                Pos_SensorDataInit
 .text.ResetIdleTimerPos
                0x00001172       0x17 depend_Release_CSR101x_A05\pos_sensor_service.o
                0x00001172                ResetIdleTimerPos
 .text.sendPosMeasurement
                0x00001189       0x1b depend_Release_CSR101x_A05\pos_sensor_service.o
 .text.StartSendingPosMeasurements
                0x000011a4        0xf depend_Release_CSR101x_A05\pos_sensor_service.o
                0x000011a4                StartSendingPosMeasurements
 .text.posMeasTimerHandler
                0x000011b3       0x18 depend_Release_CSR101x_A05\pos_sensor_service.o
                0x000011b3                posMeasTimerHandler
 .text.AppSetStatePos
                0x000011cb       0x57 depend_Release_CSR101x_A05\pos_sensor_service.o
                0x000011cb                AppSetStatePos
 .text.posSensorIdleTimerHandler
                0x00001222       0x17 depend_Release_CSR101x_A05\pos_sensor_service.o
 .text.idleDormantTimerExpiryHandler
                0x00001239        0xd depend_Release_CSR101x_A05\pos_sensor_service.o
 .text.___libgatt_lib_db_4554
                0x00001246        0x7 C:\CSR_uEnergy_SDK-2.3.0.31\tools\lib\CSR101x_A05\libgatt_lib_ram.a(patch_ls_app_if.o)
                0x00001246                ___libgatt_lib_db_4554
 .text.patch_process_hci_event
                0x0000124d       0x31 C:\CSR_uEnergy_SDK-2.3.0.31\tools\lib\CSR101x_A05\libgatt_lib_ram.a(patch_ls_app_if.o)
 .text.LsRadioEventNotification
                0x0000127e        0x9 C:\CSR_uEnergy_SDK-2.3.0.31\tools\lib\CSR101x_A05\libgatt_lib_ram.a(patch_ls_app_if.o)
                0x0000127e                LsRadioEventNotification
 .text.LsReadTransmitPowerLevel
                0x00001287        0x8 C:\CSR_uEnergy_SDK-2.3.0.31\tools\lib\CSR101x_A05\libgatt_lib_ram.a(ls_app_if_ram.o)
                0x00001287                LsReadTransmitPowerLevel
 .text.___libgatt_lib_db_4563
                0x0000128f        0xe C:\CSR_uEnergy_SDK-2.3.0.31\tools\lib\CSR101x_A05\libgatt_lib_ram.a(patch_ls_advertising_if.o)
                0x0000128f                ___libgatt_lib_db_4563
 .text.GattInit
                0x0000129d       0x21 C:\CSR_uEnergy_SDK-2.3.0.31\tools\lib\CSR101x_A05\libgatt_lib_ram.a(gatt_ram.o)
                0x0000129d                GattInit
 .text.GattCancelConnectReq
                0x000012be        0x6 C:\CSR_uEnergy_SDK-2.3.0.31\tools\lib\CSR101x_A05\libgatt_lib_ram.a(patch_gatt.o)
                0x000012be                GattCancelConnectReq
 .text.DebugWriteString
                0x000012c4        0xb C:\CSR_uEnergy_SDK-2.3.0.31\tools\lib\CSR101x_A05\libgatt_lib_ram.a(debug.o)
                0x000012c4                DebugWriteString
 .text.DebugInit
                0x000012cf       0x21 C:\CSR_uEnergy_SDK-2.3.0.31\tools\lib\CSR101x_A05\libgatt_lib_ram.a(debug.o)
                0x000012cf                DebugInit
 .text.___libgatt_lib_db_4544
                0x000012f0       0x18 C:\CSR_uEnergy_SDK-2.3.0.31\tools\lib\CSR101x_A05\libgatt_lib_ram.a(patch_george.o)
                0x000012f0                ___libgatt_lib_db_4544
 .text.ram_le_connection_timeout_A05
                0x00001308       0x34 C:\CSR_uEnergy_SDK-2.3.0.31\tools\lib\CSR101x_A05\libgatt_lib_ram.a(patch_george.o)
 .text.___libgatt_lib_db_4594
                0x0000133c        0x8 C:\CSR_uEnergy_SDK-2.3.0.31\tools\lib\CSR101x_A05\libgatt_lib_ram.a(patch_george.o)
                0x0000133c                ___libgatt_lib_db_4594
 .text.___libgatt_lib_db_4599
                0x00001344       0x1b C:\CSR_uEnergy_SDK-2.3.0.31\tools\lib\CSR101x_A05\libgatt_lib_ram.a(patch_george.o)
                0x00001344                ___libgatt_lib_db_4599
 .text.___libgatt_lib_db_4600
                0x0000135f        0xc C:\CSR_uEnergy_SDK-2.3.0.31\tools\lib\CSR101x_A05\libgatt_lib_ram.a(patch_george.o)
                0x0000135f                ___libgatt_lib_db_4600
 .text.___libgatt_lib_db_4598
                0x0000136b       0xde C:\CSR_uEnergy_SDK-2.3.0.31\tools\lib\CSR101x_A05\libgatt_lib_ram.a(patch_george.o)
                0x0000136b                ___libgatt_lib_db_4598
 .text.rx_timing_report
                0x00001449       0xb1 C:\CSR_uEnergy_SDK-2.3.0.31\tools\lib\CSR101x_A05\libgatt_lib_ram.a(patch_george.o)
 .text.ram_le_handle_event
                0x000014fa      0x12c C:\CSR_uEnergy_SDK-2.3.0.31\tools\lib\CSR101x_A05\libgatt_lib_ram.a(patch_george.o)
 .text.___libgatt_lib_db_4550
                0x00001626       0x1c C:\CSR_uEnergy_SDK-2.3.0.31\tools\lib\CSR101x_A05\libgatt_lib_ram.a(patch_george.o)
                0x00001626                ___libgatt_lib_db_4550
 .text.___libgatt_lib_db_4549
                0x00001642       0x1c C:\CSR_uEnergy_SDK-2.3.0.31\tools\lib\CSR101x_A05\libgatt_lib_ram.a(patch_george.o)
                0x00001642                ___libgatt_lib_db_4549
 .text.___libgatt_lib_db_4609
                0x0000165e        0xc C:\CSR_uEnergy_SDK-2.3.0.31\tools\lib\CSR101x_A05\libgatt_lib_ram.a(patch_george_ll.o)
                0x0000165e                ___libgatt_lib_db_4609
 .text.___libgatt_lib_db_4608
                0x0000166a       0x11 C:\CSR_uEnergy_SDK-2.3.0.31\tools\lib\CSR101x_A05\libgatt_lib_ram.a(patch_george_ll.o)
                0x0000166a                ___libgatt_lib_db_4608
 .text.___libgatt_lib_db_4610
                0x0000167b      0x125 C:\CSR_uEnergy_SDK-2.3.0.31\tools\lib\CSR101x_A05\libgatt_lib_ram.a(patch_george_ll.o)
                0x0000167b                ___libgatt_lib_db_4610
 .text.___libgatt_lib_db_4619
                0x000017a0       0x16 C:\CSR_uEnergy_SDK-2.3.0.31\tools\lib\CSR101x_A05\libgatt_lib_ram.a(patch_dbase.o)
                0x000017a0                ___libgatt_lib_db_4619
 .text.___libgatt_lib_db_4620
                0x000017b6        0x7 C:\CSR_uEnergy_SDK-2.3.0.31\tools\lib\CSR101x_A05\libgatt_lib_ram.a(patch_dbase.o)
                0x000017b6                ___libgatt_lib_db_4620
 .text.___libgatt_lib_db_4640
                0x000017bd        0xc C:\CSR_uEnergy_SDK-2.3.0.31\tools\lib\CSR101x_A05\libgatt_lib_ram.a(hal_debugbus_state.o)
                0x000017bd                ___libgatt_lib_db_4640
 .text.___libgatt_lib_db_4639
                0x000017c9        0xc C:\CSR_uEnergy_SDK-2.3.0.31\tools\lib\CSR101x_A05\libgatt_lib_ram.a(hal_debugbus_state.o)
                0x000017c9                ___libgatt_lib_db_4639
 .text.___libgatt_lib_db_4645
                0x000017d5        0x5 C:\CSR_uEnergy_SDK-2.3.0.31\tools\lib\CSR101x_A05\libgatt_lib_ram.a(patch_halradiotrim.o)
                0x000017d5                ___libgatt_lib_db_4645
 .text.RAM_set_tx_power_parameters
                0x000017da       0x57 C:\CSR_uEnergy_SDK-2.3.0.31\tools\lib\CSR101x_A05\libgatt_lib_ram.a(patch_halradiotrim.o)
 .text.___libgatt_lib_db_4646
                0x00001831        0xb C:\CSR_uEnergy_SDK-2.3.0.31\tools\lib\CSR101x_A05\libgatt_lib_ram.a(patch_halradiotrim.o)
                0x00001831                ___libgatt_lib_db_4646
 .text.___libgatt_lib_db_4644
                0x0000183c        0xa C:\CSR_uEnergy_SDK-2.3.0.31\tools\lib\CSR101x_A05\libgatt_lib_ram.a(patch_halradiotrim.o)
                0x0000183c                ___libgatt_lib_db_4644
 .text.___libgatt_lib_db_4654
                0x00001846       0x24 C:\CSR_uEnergy_SDK-2.3.0.31\tools\lib\CSR101x_A05\libgatt_lib_ram.a(patch_timer.o)
                0x00001846                ___libgatt_lib_db_4654
 .text.SleepRequest
                0x0000186a       0x95 C:\CSR_uEnergy_SDK-2.3.0.31\tools\lib\CSR101x_A05\libgatt_lib_ram.a(patch_sleeprequest.o)
                0x0000186a                SleepRequest
 .text.ram_app_init
                0x000018ff       0x31 C:\CSR_uEnergy_SDK-2.3.0.31\tools\lib\CSR101x_A05\libgatt_lib_ram.a(main_ram.o)
                0x000018ff                ram_app_init
 .text.___libgatt_lib_db_4364
                0x00001930        0x8 C:\CSR_uEnergy_SDK-2.3.0.31\tools\lib\CSR101x_A05\libgatt_lib_ram.a(hw_patch_install.o)
                0x00001930                ___libgatt_lib_db_4364
 .text.NvmConfigureI2cEeprom
                0x00001938        0xd C:\CSR_uEnergy_SDK-2.3.0.31\tools\lib\CSR101x_A05\libgatt_lib_ram.a(patch_i2c_app_mem_mgr.o)
                0x00001938                NvmConfigureI2cEeprom
 .text.new_disable_i2c
                0x00001945        0xb C:\CSR_uEnergy_SDK-2.3.0.31\tools\lib\CSR101x_A05\libgatt_lib_ram.a(patch_i2c_app_mem_mgr.o)
 .text.AioRead  0x00001950       0x43 C:\CSR_uEnergy_SDK-2.3.0.31\tools\lib\CSR101x_A05\libgatt_lib_ram.a(patch_robs_aio.o)
                0x00001950                AioRead
 .text.PioSetMode
                0x00001993        0xb C:\CSR_uEnergy_SDK-2.3.0.31\tools\lib\CSR101x_A05\libgatt_lib_ram.a(robs_pio_ram.o)
                0x00001993                PioSetMode
 .text.IdGetLlVerBtle
                0x0000199e        0x2 C:\CSR_uEnergy_SDK-2.3.0.31\tools\lib\CSR101x_A05\libgatt_lib_ram.a(id_ram.o)
                0x0000199e                IdGetLlVerBtle
 .text.___libgatt_lib_db_4565
                0x000019a0        0xa C:\CSR_uEnergy_SDK-2.3.0.31\tools\lib\CSR101x_A05\libgatt_lib_ram.a(patch_ls_l2cap_if.o)
                0x000019a0                ___libgatt_lib_db_4565
 .text.___libgatt_lib_db_4567
                0x000019aa        0xe C:\CSR_uEnergy_SDK-2.3.0.31\tools\lib\CSR101x_A05\libgatt_lib_ram.a(patch_att_install.o)
                0x000019aa                ___libgatt_lib_db_4567
 .text.patch_att_handle_execute_write_req
                0x000019b8       0xfd C:\CSR_uEnergy_SDK-2.3.0.31\tools\lib\CSR101x_A05\libgatt_lib_ram.a(patch_att_install.o)
 .text.patch_att_handle_read_multi_req
                0x00001ab5       0xba C:\CSR_uEnergy_SDK-2.3.0.31\tools\lib\CSR101x_A05\libgatt_lib_ram.a(patch_att_install.o)
 .text.___libgatt_lib_db_4615
                0x00001b6f       0x5a C:\CSR_uEnergy_SDK-2.3.0.31\tools\lib\CSR101x_A05\libgatt_lib_ram.a(patch_george_adv.o)
                0x00001b6f                ___libgatt_lib_db_4615
 .text.___libgatt_lib_db_4616
                0x00001bc9       0x1b C:\CSR_uEnergy_SDK-2.3.0.31\tools\lib\CSR101x_A05\libgatt_lib_ram.a(patch_george_adv.o)
                0x00001bc9                ___libgatt_lib_db_4616
 .text.___libgatt_lib_db_4652
                0x00001be4       0x4e C:\CSR_uEnergy_SDK-2.3.0.31\tools\lib\CSR101x_A05\libgatt_lib_ram.a(patch_halradio.o)
                0x00001be4                ___libgatt_lib_db_4652
 .text.___libgatt_lib_db_4207
                0x00001c32        0xd C:\CSR_uEnergy_SDK-2.3.0.31\tools\lib\CSR101x_A05\libgatt_lib_ram.a(patch_reset.o)
                0x00001c32                ___libgatt_lib_db_4207
 .text.___libgatt_lib_db_4657
                0x00001c3f        0x5 C:\CSR_uEnergy_SDK-2.3.0.31\tools\lib\CSR101x_A05\libgatt_lib_ram.a(patch_pools.o)
                0x00001c3f                ___libgatt_lib_db_4657
 .text.___libgatt_lib_db_4660
                0x00001c44        0xf C:\CSR_uEnergy_SDK-2.3.0.31\tools\lib\CSR101x_A05\libgatt_lib_ram.a(patch_background_loop.o)
                0x00001c44                ___libgatt_lib_db_4660
 .text.___libgatt_lib_db_4662
                0x00001c53        0x5 C:\CSR_uEnergy_SDK-2.3.0.31\tools\lib\CSR101x_A05\libgatt_lib_ram.a(patch_fault.o)
                0x00001c53                ___libgatt_lib_db_4662
 .text.___libgatt_lib_db_4670
                0x00001c58       0x2e C:\CSR_uEnergy_SDK-2.3.0.31\tools\lib\CSR101x_A05\libgatt_lib_ram.a(patch_pmu.o)
                0x00001c58                ___libgatt_lib_db_4670
 .text.___libgatt_lib_db_4214
                0x00001c86       0xaa C:\CSR_uEnergy_SDK-2.3.0.31\tools\lib\CSR101x_A05\libgatt_lib_ram.a(patch_thermometer.o)
                0x00001c86                ___libgatt_lib_db_4214
 *(.apptext)
 *(.apptext.*)
 *xap2crte.o(.text)
 *xap2crte.o(.text.*)
                0x00001d30                PROG_APPCODE_END = .
                0x00003d30                DATA_CONST_START = (DATA_RAM_START + .)
                0x00003d30                . = DATA_CONST_START

.const
 *(CONST)
 *(CONST.*)
                0x00003d30                DATA_CONST_END = .
                0x00003d30                DATA_RODATA_START = .
                0x00003d31                . = (. + 0x1)

.rodata         0x00003d31       0x6c
 *(.rodata)
 .rodata        0x00003d31        0x2 depend_Release_CSR101x_A05\hr_sensor_gatt.o
 *(.rodata.*)
 .rodata.str2.2
                0x00003d33        0xf depend_Release_CSR101x_A05\hr_sensor.o
 .rodata.AppSetState
                0x00003d42        0xb depend_Release_CSR101x_A05\hr_sensor.o
 .rodata.C.2..2555.
                0x00003d4d        0x3 depend_Release_CSR101x_A05\hr_sensor_gatt.o
 .rodata.AppSetStatePos
                0x00003d50        0x5 depend_Release_CSR101x_A05\pos_sensor_service.o
 .rodata.tx_power_table
                0x00003d55       0x28 C:\CSR_uEnergy_SDK-2.3.0.31\tools\lib\CSR101x_A05\libgatt_lib_ram.a(patch_halradiotrim.o)
                0x00003d55                ___libgatt_lib_db_4651
 .rodata.ram_build_identifier_integer
                0x00003d7d        0x1 C:\CSR_uEnergy_SDK-2.3.0.31\tools\lib\CSR101x_A05\libgatt_lib_ram.a(id_ram.o)
                0x00003d7d                ram_build_identifier_integer
 .rodata.ram_build_identifier_string
                0x00003d7e       0x16 C:\CSR_uEnergy_SDK-2.3.0.31\tools\lib\CSR101x_A05\libgatt_lib_ram.a(id_ram.o)
                0x00003d7e                ram_build_identifier_string
 .rodata.slut_extended
                0x00003d94        0x9 C:\CSR_uEnergy_SDK-2.3.0.31\tools\lib\CSR101x_A05\libgatt_lib_ram.a(slut.o)
                0x00003d94                ___libgatt_lib_db_4678
                0x00003d9d                DATA_RODATA_END = .

.bss            0x00003d9e      0x182
                0x00003d9e                DATA_BSS_APP_START = .
 *(.bss)
 .bss           0x00003d9e        0x2 C:\CSR_uEnergy_SDK-2.3.0.31\tools\lib\CSR101x_A05\libgatt_lib_ram.a(patch_sm.o)
 *(.bss.*)
 .bss.g_batt_data
                0x00003da0        0x3 depend_Release_CSR101x_A05\battery_service.o
 .bss.g_gap_data
                0x00003da3        0x3 depend_Release_CSR101x_A05\gap_service.o
 .bss.g_hr_serv_data
                0x00003da6        0x4 depend_Release_CSR101x_A05\heart_rate_service.o
 .bss.meas_count.2886.
                0x00003daa        0x1 depend_Release_CSR101x_A05\hr_sensor.o
 .bss.app_timers
                0x00003dab       0x48 depend_Release_CSR101x_A05\hr_sensor.o
 .bss.potIndexLeft
                0x00003df3        0x1 depend_Release_CSR101x_A05\pos_sensor_service.o
                0x00003df3                potIndexLeft
 .bss.totalPotValueLeft
                0x00003df4        0x1 depend_Release_CSR101x_A05\pos_sensor_service.o
                0x00003df4                totalPotValueLeft
 .bss.potIndexRight
                0x00003df5        0x1 depend_Release_CSR101x_A05\pos_sensor_service.o
                0x00003df5                potIndexRight
 .bss.totalPotValueRight
                0x00003df6        0x1 depend_Release_CSR101x_A05\pos_sensor_service.o
                0x00003df6                totalPotValueRight
 .bss.potRespIndexLeft
                0x00003df7        0x1 depend_Release_CSR101x_A05\pos_sensor_service.o
                0x00003df7                potRespIndexLeft
 .bss.totalPotRespValueLeft
                0x00003df8        0x1 depend_Release_CSR101x_A05\pos_sensor_service.o
                0x00003df8                totalPotRespValueLeft
 .bss.lastAveragePotValueLeft
                0x00003df9        0x1 depend_Release_CSR101x_A05\pos_sensor_service.o
                0x00003df9                lastAveragePotValueLeft
 .bss.lastAveragePotValueRight
                0x00003dfa        0x1 depend_Release_CSR101x_A05\pos_sensor_service.o
                0x00003dfa                lastAveragePotValueRight
 .bss.lastAveragePotRespValueLeft
                0x00003dfb        0x1 depend_Release_CSR101x_A05\pos_sensor_service.o
                0x00003dfb                lastAveragePotRespValueLeft
 .bss.__PATCH__ZERO_
                0x00003dfc        0x1 C:\CSR_uEnergy_SDK-2.3.0.31\tools\lib\CSR101x_A05\libgatt_lib_ram.a(patch_ls_advertising_if.o)
 *fill*         0x00003dfd        0x2 00
 .bss.uart_rx_buffer
                0x00003dfe       0x40 C:\CSR_uEnergy_SDK-2.3.0.31\tools\lib\CSR101x_A05\libgatt_lib_ram.a(debug.o)
 .bss.uart_tx_buffer
                0x00003e3e       0x40 C:\CSR_uEnergy_SDK-2.3.0.31\tools\lib\CSR101x_A05\libgatt_lib_ram.a(debug.o)
 .bss.patch_pending
                0x00003e7e        0x1 C:\CSR_uEnergy_SDK-2.3.0.31\tools\lib\CSR101x_A05\libgatt_lib_ram.a(patch_george.o)
                0x00003e7e                patch_pending
 .bss.patch_rx_timing_report
                0x00003e7f        0x1 C:\CSR_uEnergy_SDK-2.3.0.31\tools\lib\CSR101x_A05\libgatt_lib_ram.a(patch_george.o)
                0x00003e7f                patch_rx_timing_report
 .bss.patch_pending_mode
                0x00003e80        0x1 C:\CSR_uEnergy_SDK-2.3.0.31\tools\lib\CSR101x_A05\libgatt_lib_ram.a(patch_george.o)
                0x00003e80                patch_pending_mode
 .bss.patch_conn_chm_update
                0x00003e81        0x1 C:\CSR_uEnergy_SDK-2.3.0.31\tools\lib\CSR101x_A05\libgatt_lib_ram.a(patch_george.o)
                0x00003e81                patch_conn_chm_update
 .bss.__PATCH__ZERO_
                0x00003e82        0x1 C:\CSR_uEnergy_SDK-2.3.0.31\tools\lib\CSR101x_A05\libgatt_lib_ram.a(patch_george.o)
 .bss.tx_power_table_entry
                0x00003e83        0x1 C:\CSR_uEnergy_SDK-2.3.0.31\tools\lib\CSR101x_A05\libgatt_lib_ram.a(patch_halradiotrim.o)
 .bss.__PATCH__ZERO_
                0x00003e84        0x1 C:\CSR_uEnergy_SDK-2.3.0.31\tools\lib\CSR101x_A05\libgatt_lib_ram.a(patch_timer.o)
 .bss.__PATCH__ZERO_
                0x00003e85        0x1 C:\CSR_uEnergy_SDK-2.3.0.31\tools\lib\CSR101x_A05\libgatt_lib_ram.a(patch_robs_aio.o)
 .bss.__PATCH__ZERO_
                0x00003e86        0x1 C:\CSR_uEnergy_SDK-2.3.0.31\tools\lib\CSR101x_A05\libgatt_lib_ram.a(patch_thermometer.o)
 COMMON         0x00003e87       0x53 depend_Release_CSR101x_A05\hr_sensor.o
                0x00003e87                g_pos_sensor_data
                0x00003e98                g_hr_data
 COMMON         0x00003eda        0x4 depend_Release_CSR101x_A05\hr_sensor_hw.o
                0x00003eda                g_app_hw_data
 COMMON         0x00003ede       0x3c depend_Release_CSR101x_A05\pos_sensor_service.o
                0x00003ede                potRespSamplesLeft
                0x00003ef2                potSamplesRight
                0x00003f06                potSamplesLeft
 COMMON         0x00003f1a        0x2 C:\CSR_uEnergy_SDK-2.3.0.31\tools\lib\CSR101x_A05\libgatt_lib_ram.a(patch_sm.o)
                0x00003f1a                sm_long_term_key_ind
                0x00003f1b                sm_pairing_auth_ind
 COMMON         0x00003f1c        0x1 C:\CSR_uEnergy_SDK-2.3.0.31\tools\lib\CSR101x_A05\libgatt_lib_ram.a(patch_george.o)
                0x00003f1c                enable_lowduty_directed_adv
 COMMON         0x00003f1d        0x3 C:\CSR_uEnergy_SDK-2.3.0.31\tools\lib\CSR101x_A05\libgatt_lib_ram.a(patch_george_ll.o)
                0x00003f1d                george_earliest_transmit_offset
                0x00003f20                DATA_BSS_APP_END = .
                0x00000182                BSS_APP_SIZE = (DATA_BSS_APP_END - DATA_BSS_APP_START)

.data           0x00003f20       0xe8
                0x00003f20                DATA_DATA_START = .
 *(.data)
 *(.data.*)
 .data.gattDatabase
                0x00003f20       0xa0 depend_Release_CSR101x_A05\app_gatt_db.o
                0x00003f20                gattDatabase
 .data.g_device_name
                0x00003fc0       0x16 depend_Release_CSR101x_A05\gap_service.o
                0x00003fc0                g_device_name
 .data.pending_pdu_acks
                0x00003fd6        0x1 C:\CSR_uEnergy_SDK-2.3.0.31\tools\lib\CSR101x_A05\libgatt_lib_ram.a(patch_george_ll.o)
                0x00003fd6                ___libgatt_lib_db_4611
 .data.tgap_con_param_update
                0x00003fd7        0x1 C:\CSR_uEnergy_SDK-2.3.0.31\tools\lib\CSR101x_A05\libgatt_lib_ram.a(patch_timer.o)
                0x00003fd7                ___libgatt_lib_db_4656
 .data.patch_table_data
                0x00003fd8       0x30 C:\CSR_uEnergy_SDK-2.3.0.31\tools\lib\CSR101x_A05\libgatt_lib_ram.a(sw_patch_ram.o)
                0x00003fd8                ___libgatt_lib_db_4542
                0x00004008                DATA_DATA_END = .
                0x0000ef80                . = DATA_PERSIST_START

PERSIST_MEM
 *(PERSIST_MEM)
 *(PERSIST_MEM.*)
                0x0000ef80                DATA_PERSIST_MEM_END = .
                0x00009f84                . = DATA_CSTORE_START

CONFIG_STORE    0x00009f84       0x40
 *(CONFIG_STORE)
 CONFIG_STORE   0x00009f84       0x40 C:\CSR_uEnergy_SDK-2.3.0.31\tools\lib\CSR101x_A05\libgatt_lib_ram.a(CONFIG_STORE.o)
                0x00009f84                ___libgatt_lib_db_4269
 *(CONFIG_STORE.*)
                0x00009fc4                DATA_CSTORE_END = .
                0x00000040                CS_SIZE = (DATA_CSTORE_END - DATA_CSTORE_START)
                0x00009fdc                . = ((DATA_RAM_END - PRESERVE_SIZE) - SLT_SIZE)

SLT             0x00009fdc        0x4
                0x00009fdc                SLT_START = .
 *(SLT)
 SLT            0x00009fdc        0x4 C:\CSR_uEnergy_SDK-2.3.0.31\tools\lib\CSR101x_A05\libgatt_lib_ram.a(slut.o)
                0x00009fdc                slut
 *(SLT.*)

.preserved      0x00009fe0        0x0
                0x00009fe0                PRESERVED_START = .
 *(PRES_DATA)
 *(PRES_DATA.*)
                0x00009f84                STACK_END = DATA_CSTORE_START
                0x00009c84                . = ((STACK_END - ISTACK_SIZE) - USTACK_SIZE)

.stack          0x00009c84      0x300
                0x00009c84                STACK_START = .
                0x00009c84                USTACK_START = .
                0x00009e84                USTACK_END = (USTACK_START + USTACK_SIZE)
 *(USTACK)
 *(USTACK.*)
                0x00009e84                . = USTACK_END
 *fill*         0x00009c84      0x400 00
                0x00009e84                ISTACK_START = .
                0x00009f84                ISTACK_END = (ISTACK_START + ISTACK_SIZE)
 *(ISTACK)
 *(ISTACK.*)
                0x00009f84                . = ISTACK_END
 *fill*         0x00009e84      0x200 00
                0x00009c84                ALIGNED_DATA_END = STACK_START
                0x00009950                . = (((ALIGNED_DATA_END - RADIODATA_SIZE) - WHITELIST_SIZE) - RADIOBUFS_SIZE)

.aligned_data   0x00009950      0x334
                0x00009950                ALIGNED_DATA_START = .
                0x00009950                DATA_RADIOBUFS_START = .
 *(RADINITTBL)
                0x00009b00                . = (ALIGNED_DATA_START + RADIOBUFS_SIZE)
 *fill*         0x00009950      0x360 00
                0x00009b00                DATA_WHITELIST_START = .
                0x00009b20                . = (DATA_WHITELIST_START + WHITELIST_SIZE)
 *fill*         0x00009b00       0x40 00
 *(.romradiodata)
 .romradiodata  0x00009b20      0x164 C:\CSR_uEnergy_SDK-2.3.0.31\tools\lib\CSR101x_A05\libgatt_lib_ram.a(.romradiodata.o)
                0x00009b20                DATA_TIMERSTRUCT_START
                0x00009b80                ___libgatt_lib_db_4171
                0x00009b20                ___libgatt_lib_db_4173
                0x00009b80                DATA_RCLUTS_START
                0x00009c84                ALIGN_END_ACTUAL = .
                0x00000001                ASSERT ((DATA_APPDATA_END > DATA_DATA_END), RAM DATA exceeds limit.)
LOAD c:/csr_uenergy_sdk-2.3.0.31/tools/bin/../lib/gcc/xap-local-xap/4.3.4\libgcc.a
OUTPUT(depend_Release_CSR101x_A05\hr_sensor.elf elf32-xap2)

.debug_abbrev   0x00000000      0x85a
 .debug_abbrev  0x00000000       0x46 depend_Release_CSR101x_A05\app_gatt_db.o
 .debug_abbrev  0x0000008b       0xf6 depend_Release_CSR101x_A05\battery_service.o
 .debug_abbrev  0x00000276       0xff depend_Release_CSR101x_A05\gap_service.o
 .debug_abbrev  0x00000474       0xf8 depend_Release_CSR101x_A05\heart_rate_service.o
 .debug_abbrev  0x00000663      0x16f depend_Release_CSR101x_A05\hr_sensor.o
 .debug_abbrev  0x00000940      0x112 depend_Release_CSR101x_A05\hr_sensor_gatt.o
 .debug_abbrev  0x00000b63       0x93 depend_Release_CSR101x_A05\hr_sensor_hw.o
 .debug_abbrev  0x00000c89       0x5b depend_Release_CSR101x_A05\nvm_access.o
 .debug_abbrev  0x00000d3e       0x74 depend_Release_CSR101x_A05\dev_info_service.o
 .debug_abbrev  0x00000e25      0x147 depend_Release_CSR101x_A05\pos_sensor_service.o

.debug_info     0x00000000     0x4dae
 .debug_info    0x00000000       0x5f depend_Release_CSR101x_A05\app_gatt_db.o
 .debug_info    0x000000be      0x6d5 depend_Release_CSR101x_A05\battery_service.o
 .debug_info    0x00000e68      0x6c1 depend_Release_CSR101x_A05\gap_service.o
 .debug_info    0x00001bea      0x720 depend_Release_CSR101x_A05\heart_rate_service.o
 .debug_info    0x00002a2a     0x1a6b depend_Release_CSR101x_A05\hr_sensor.o
 .debug_info    0x00005f00      0xa95 depend_Release_CSR101x_A05\hr_sensor_gatt.o
 .debug_info    0x0000742a      0x1d0 depend_Release_CSR101x_A05\hr_sensor_hw.o
 .debug_info    0x000077c9      0x213 depend_Release_CSR101x_A05\nvm_access.o
 .debug_info    0x00007bee      0x5db depend_Release_CSR101x_A05\dev_info_service.o
 .debug_info    0x000087a3      0x9dd depend_Release_CSR101x_A05\pos_sensor_service.o

.debug_line     0x00000000     0x14f4
 .debug_line    0x00000000       0x59 depend_Release_CSR101x_A05\app_gatt_db.o
 .debug_line    0x000000b1      0x179 depend_Release_CSR101x_A05\battery_service.o
 .debug_line    0x000003a3      0x13f depend_Release_CSR101x_A05\gap_service.o
 .debug_line    0x00000620      0x1b7 depend_Release_CSR101x_A05\heart_rate_service.o
 .debug_line    0x0000098d      0x66b depend_Release_CSR101x_A05\hr_sensor.o
 .debug_line    0x00001663      0x28f depend_Release_CSR101x_A05\hr_sensor_gatt.o
 .debug_line    0x00001b80      0x172 depend_Release_CSR101x_A05\hr_sensor_hw.o
 .debug_line    0x00001e63       0xa0 depend_Release_CSR101x_A05\nvm_access.o
 .debug_line    0x00001fa2       0x78 depend_Release_CSR101x_A05\dev_info_service.o
 .debug_line    0x00002091      0x4ab depend_Release_CSR101x_A05\pos_sensor_service.o

.debug_frame    0x00000000      0x420
 .debug_frame   0x00000000       0x14 depend_Release_CSR101x_A05\app_gatt_db.o
 .debug_frame   0x00000028       0x6c depend_Release_CSR101x_A05\battery_service.o
 .debug_frame   0x00000100       0x64 depend_Release_CSR101x_A05\gap_service.o
 .debug_frame   0x000001c8       0x90 depend_Release_CSR101x_A05\heart_rate_service.o
 .debug_frame   0x000002e8       0xcc depend_Release_CSR101x_A05\hr_sensor.o
 .debug_frame   0x00000480       0x70 depend_Release_CSR101x_A05\hr_sensor_gatt.o
 .debug_frame   0x00000560       0x44 depend_Release_CSR101x_A05\hr_sensor_hw.o
 .debug_frame   0x000005e8       0x2c depend_Release_CSR101x_A05\nvm_access.o
 .debug_frame   0x00000640       0x1c depend_Release_CSR101x_A05\dev_info_service.o
 .debug_frame   0x00000678       0xe4 depend_Release_CSR101x_A05\pos_sensor_service.o

.debug_loc      0x00000000      0xb17
 .debug_loc     0x00000000       0x1f depend_Release_CSR101x_A05\app_gatt_db.o
 .debug_loc     0x0000003d      0x10b depend_Release_CSR101x_A05\battery_service.o
 .debug_loc     0x00000253      0x11f depend_Release_CSR101x_A05\gap_service.o
 .debug_loc     0x00000490      0x128 depend_Release_CSR101x_A05\heart_rate_service.o
 .debug_loc     0x000006e0      0x2d2 depend_Release_CSR101x_A05\hr_sensor.o
 .debug_loc     0x00000c83      0x104 depend_Release_CSR101x_A05\hr_sensor_gatt.o
 .debug_loc     0x00000e8b       0x8f depend_Release_CSR101x_A05\hr_sensor_hw.o
 .debug_loc     0x00000fa8       0x75 depend_Release_CSR101x_A05\nvm_access.o
 .debug_loc     0x00001091       0x28 depend_Release_CSR101x_A05\dev_info_service.o
 .debug_loc     0x000010e1      0x2a7 depend_Release_CSR101x_A05\pos_sensor_service.o

.debug_pubnames
                0x00000000      0x49c
 .debug_pubnames
                0x00000000       0x1c depend_Release_CSR101x_A05\app_gatt_db.o
 .debug_pubnames
                0x00000037       0x70 depend_Release_CSR101x_A05\battery_service.o
 .debug_pubnames
                0x00000116       0x63 depend_Release_CSR101x_A05\gap_service.o
 .debug_pubnames
                0x000001dc       0xc1 depend_Release_CSR101x_A05\heart_rate_service.o
 .debug_pubnames
                0x0000035d       0x8b depend_Release_CSR101x_A05\hr_sensor.o
 .debug_pubnames
                0x00000472       0x6f depend_Release_CSR101x_A05\hr_sensor_gatt.o
 .debug_pubnames
                0x00000550       0x39 depend_Release_CSR101x_A05\hr_sensor_hw.o
 .debug_pubnames
                0x000005c2       0x1f depend_Release_CSR101x_A05\nvm_access.o
 .debug_pubnames
                0x000005ff       0x28 depend_Release_CSR101x_A05\dev_info_service.o
 .debug_pubnames
                0x0000064f      0x175 depend_Release_CSR101x_A05\pos_sensor_service.o

.debug_aranges  0x00000000      0x1d0
 .debug_aranges
                0x00000000       0x10 depend_Release_CSR101x_A05\app_gatt_db.o
 .debug_aranges
                0x00000020       0x30 depend_Release_CSR101x_A05\battery_service.o
 .debug_aranges
                0x00000080       0x2c depend_Release_CSR101x_A05\gap_service.o
 .debug_aranges
                0x000000d8       0x40 depend_Release_CSR101x_A05\heart_rate_service.o
 .debug_aranges
                0x00000158       0x50 depend_Release_CSR101x_A05\hr_sensor.o
 .debug_aranges
                0x000001f8       0x30 depend_Release_CSR101x_A05\hr_sensor_gatt.o
 .debug_aranges
                0x00000258       0x20 depend_Release_CSR101x_A05\hr_sensor_hw.o
 .debug_aranges
                0x00000298       0x18 depend_Release_CSR101x_A05\nvm_access.o
 .debug_aranges
                0x000002c8       0x14 depend_Release_CSR101x_A05\dev_info_service.o
 .debug_aranges
                0x000002f0       0x58 depend_Release_CSR101x_A05\pos_sensor_service.o

.debug_ranges   0x00000000      0x200
 .debug_ranges  0x00000000        0xc depend_Release_CSR101x_A05\app_gatt_db.o
 .debug_ranges  0x00000018       0x2c depend_Release_CSR101x_A05\battery_service.o
 .debug_ranges  0x00000070       0x28 depend_Release_CSR101x_A05\gap_service.o
 .debug_ranges  0x000000c0       0x3c depend_Release_CSR101x_A05\heart_rate_service.o
 .debug_ranges  0x00000138       0x8c depend_Release_CSR101x_A05\hr_sensor.o
 .debug_ranges  0x00000250       0x44 depend_Release_CSR101x_A05\hr_sensor_gatt.o
 .debug_ranges  0x000002d8       0x1c depend_Release_CSR101x_A05\hr_sensor_hw.o
 .debug_ranges  0x00000310       0x14 depend_Release_CSR101x_A05\nvm_access.o
 .debug_ranges  0x00000338       0x10 depend_Release_CSR101x_A05\dev_info_service.o
 .debug_ranges  0x00000358       0x54 depend_Release_CSR101x_A05\pos_sensor_service.o

.debug_str      0x00000000     0x2e5f
 .debug_str     0x00000000       0x7b depend_Release_CSR101x_A05\app_gatt_db.o
                                 0x88 (size before relaxing)
 .debug_str     0x000000f6     0x1340 depend_Release_CSR101x_A05\battery_service.o
                               0x13cf (size before relaxing)
 .debug_str     0x00002775       0x81 depend_Release_CSR101x_A05\gap_service.o
                               0x1368 (size before relaxing)
 .debug_str     0x00002876      0x115 depend_Release_CSR101x_A05\heart_rate_service.o
                               0x1449 (size before relaxing)
 .debug_str     0x00002aa0     0x11e2 depend_Release_CSR101x_A05\hr_sensor.o
                               0x258e (size before relaxing)
 .debug_str     0x00004e63      0x3b3 depend_Release_CSR101x_A05\hr_sensor_gatt.o
                               0x1be9 (size before relaxing)
 .debug_str     0x000055c8      0x157 depend_Release_CSR101x_A05\hr_sensor_hw.o
                                0x3f9 (size before relaxing)
 .debug_str     0x00005876       0x2c depend_Release_CSR101x_A05\nvm_access.o
                                0x62d (size before relaxing)
 .debug_str     0x000058cd       0x25 depend_Release_CSR101x_A05\dev_info_service.o
                               0x12ff (size before relaxing)
 .debug_str     0x00005916      0x1d4 depend_Release_CSR101x_A05\pos_sensor_service.o
                               0x16f6 (size before relaxing)

.comment        0x00000000      0x478
 .comment       0x00000000       0x1a depend_Release_CSR101x_A05\app_gatt_db.o
 .comment       0x0000001a       0x1a depend_Release_CSR101x_A05\battery_service.o
 .comment       0x00000034       0x1a depend_Release_CSR101x_A05\gap_service.o
 .comment       0x0000004e       0x1a depend_Release_CSR101x_A05\heart_rate_service.o
 .comment       0x00000068       0x1a depend_Release_CSR101x_A05\hr_sensor.o
 .comment       0x00000082       0x1a depend_Release_CSR101x_A05\hr_sensor_gatt.o
 .comment       0x0000009c       0x1a depend_Release_CSR101x_A05\hr_sensor_hw.o
 .comment       0x000000b6       0x1a depend_Release_CSR101x_A05\nvm_access.o
 .comment       0x000000d0       0x1a depend_Release_CSR101x_A05\dev_info_service.o
 .comment       0x000000ea       0x1a depend_Release_CSR101x_A05\pos_sensor_service.o
 .comment       0x00000104       0x1a C:\CSR_uEnergy_SDK-2.3.0.31\tools\lib\CSR101x_A05\libgatt_lib_ram.a(patch_ls_app_if.o)
 .comment       0x0000011e       0x1a C:\CSR_uEnergy_SDK-2.3.0.31\tools\lib\CSR101x_A05\libgatt_lib_ram.a(ls_app_if_ram.o)
 .comment       0x00000138       0x1a C:\CSR_uEnergy_SDK-2.3.0.31\tools\lib\CSR101x_A05\libgatt_lib_ram.a(patch_ls_advertising_if.o)
 .comment       0x00000152       0x1a C:\CSR_uEnergy_SDK-2.3.0.31\tools\lib\CSR101x_A05\libgatt_lib_ram.a(gatt_ram.o)
 .comment       0x0000016c       0x1a C:\CSR_uEnergy_SDK-2.3.0.31\tools\lib\CSR101x_A05\libgatt_lib_ram.a(patch_gatt.o)
 .comment       0x00000186       0x1a C:\CSR_uEnergy_SDK-2.3.0.31\tools\lib\CSR101x_A05\libgatt_lib_ram.a(sm_ram.o)
 .comment       0x000001a0       0x1a C:\CSR_uEnergy_SDK-2.3.0.31\tools\lib\CSR101x_A05\libgatt_lib_ram.a(sm_div.o)
 .comment       0x000001ba       0x1a C:\CSR_uEnergy_SDK-2.3.0.31\tools\lib\CSR101x_A05\libgatt_lib_ram.a(patch_sm.o)
 .comment       0x000001d4       0x1a C:\CSR_uEnergy_SDK-2.3.0.31\tools\lib\CSR101x_A05\libgatt_lib_ram.a(debug.o)
 .comment       0x000001ee       0x1a C:\CSR_uEnergy_SDK-2.3.0.31\tools\lib\CSR101x_A05\libgatt_lib_ram.a(patch_george.o)
 .comment       0x00000208       0x1a C:\CSR_uEnergy_SDK-2.3.0.31\tools\lib\CSR101x_A05\libgatt_lib_ram.a(patch_george_ll.o)
 .comment       0x00000222       0x1a C:\CSR_uEnergy_SDK-2.3.0.31\tools\lib\CSR101x_A05\libgatt_lib_ram.a(patch_dbase.o)
 .comment       0x0000023c       0x1a C:\CSR_uEnergy_SDK-2.3.0.31\tools\lib\CSR101x_A05\libgatt_lib_ram.a(hal_debugbus_state.o)
 .comment       0x00000256       0x1a C:\CSR_uEnergy_SDK-2.3.0.31\tools\lib\CSR101x_A05\libgatt_lib_ram.a(patch_halradiotrim.o)
 .comment       0x00000270       0x1a C:\CSR_uEnergy_SDK-2.3.0.31\tools\lib\CSR101x_A05\libgatt_lib_ram.a(patch_timer.o)
 .comment       0x0000028a       0x1a C:\CSR_uEnergy_SDK-2.3.0.31\tools\lib\CSR101x_A05\libgatt_lib_ram.a(patch_sleeprequest.o)
 .comment       0x000002a4       0x1a C:\CSR_uEnergy_SDK-2.3.0.31\tools\lib\CSR101x_A05\libgatt_lib_ram.a(main_ram.o)
 .comment       0x000002be       0x1a C:\CSR_uEnergy_SDK-2.3.0.31\tools\lib\CSR101x_A05\libgatt_lib_ram.a(hw_patch_install.o)
 .comment       0x000002d8       0x1a C:\CSR_uEnergy_SDK-2.3.0.31\tools\lib\CSR101x_A05\libgatt_lib_ram.a(patch_i2c_app_mem_mgr.o)
 .comment       0x000002f2       0x1a C:\CSR_uEnergy_SDK-2.3.0.31\tools\lib\CSR101x_A05\libgatt_lib_ram.a(patch_robs_aio.o)
 .comment       0x0000030c       0x1a C:\CSR_uEnergy_SDK-2.3.0.31\tools\lib\CSR101x_A05\libgatt_lib_ram.a(robs_pio_ram.o)
 .comment       0x00000326       0x1a C:\CSR_uEnergy_SDK-2.3.0.31\tools\lib\CSR101x_A05\libgatt_lib_ram.a(id_ram.o)
 .comment       0x00000340       0x1a C:\CSR_uEnergy_SDK-2.3.0.31\tools\lib\CSR101x_A05\libgatt_lib_ram.a(slut.o)
 .comment       0x0000035a       0x1a C:\CSR_uEnergy_SDK-2.3.0.31\tools\lib\CSR101x_A05\libgatt_lib_ram.a(sw_patch_ram.o)
 .comment       0x00000374       0x1a C:\CSR_uEnergy_SDK-2.3.0.31\tools\lib\CSR101x_A05\libgatt_lib_ram.a(patch_ls_l2cap_if.o)
 .comment       0x0000038e       0x1a C:\CSR_uEnergy_SDK-2.3.0.31\tools\lib\CSR101x_A05\libgatt_lib_ram.a(patch_att_install.o)
 .comment       0x000003a8       0x1a C:\CSR_uEnergy_SDK-2.3.0.31\tools\lib\CSR101x_A05\libgatt_lib_ram.a(patch_george_adv.o)
 .comment       0x000003c2       0x1a C:\CSR_uEnergy_SDK-2.3.0.31\tools\lib\CSR101x_A05\libgatt_lib_ram.a(patch_halradio.o)
 .comment       0x000003dc       0x1a C:\CSR_uEnergy_SDK-2.3.0.31\tools\lib\CSR101x_A05\libgatt_lib_ram.a(patch_reset.o)
 .comment       0x000003f6       0x1a C:\CSR_uEnergy_SDK-2.3.0.31\tools\lib\CSR101x_A05\libgatt_lib_ram.a(patch_pools.o)
 .comment       0x00000410       0x1a C:\CSR_uEnergy_SDK-2.3.0.31\tools\lib\CSR101x_A05\libgatt_lib_ram.a(patch_background_loop.o)
 .comment       0x0000042a       0x1a C:\CSR_uEnergy_SDK-2.3.0.31\tools\lib\CSR101x_A05\libgatt_lib_ram.a(patch_fault.o)
 .comment       0x00000444       0x1a C:\CSR_uEnergy_SDK-2.3.0.31\tools\lib\CSR101x_A05\libgatt_lib_ram.a(patch_pmu.o)
 .comment       0x0000045e       0x1a C:\CSR_uEnergy_SDK-2.3.0.31\tools\lib\CSR101x_A05\libgatt_lib_ram.a(patch_thermometer.o)
